Archive member included to satisfy reference by file (symbol)

c:/program files (x86)/atmel/studio/7.0/toolchain/avr8/avr8-gnu-toolchain/bin/../lib/gcc/avr/4.9.2/avrxmega2\libgcc.a(_udivmodhi4.o)
                              src/ASF/xmega/drivers/usb/usb_device.o (__udivmodhi4)
c:/program files (x86)/atmel/studio/7.0/toolchain/avr8/avr8-gnu-toolchain/bin/../lib/gcc/avr/4.9.2/avrxmega2\libgcc.a(_divmodhi4.o)
                              src/tiny_calibration.o (__divmodhi4)
c:/program files (x86)/atmel/studio/7.0/toolchain/avr8/avr8-gnu-toolchain/bin/../lib/gcc/avr/4.9.2/avrxmega2\libgcc.a(_exit.o)
                              C:/Program Files (x86)/Atmel/Studio/7.0/Packs/atmel/XMEGAA_DFP/1.0.39/gcc/dev/atxmega32a4u/avrxmega2/crtatxmega32a4u.o (exit)
c:/program files (x86)/atmel/studio/7.0/toolchain/avr8/avr8-gnu-toolchain/bin/../lib/gcc/avr/4.9.2/avrxmega2\libgcc.a(_tablejump2.o)
                              src/ASF/common/services/usb/udc/udc.o (__tablejump2__)
c:/program files (x86)/atmel/studio/7.0/toolchain/avr8/avr8-gnu-toolchain/bin/../lib/gcc/avr/4.9.2/avrxmega2\libgcc.a(_copy_data.o)
                              src/tiny_calibration.o (__do_copy_data)
c:/program files (x86)/atmel/studio/7.0/toolchain/avr8/avr8-gnu-toolchain/bin/../lib/gcc/avr/4.9.2/avrxmega2\libgcc.a(_clear_bss.o)
                              src/tiny_calibration.o (__do_clear_bss)
c:/program files (x86)/atmel/studio/7.0/toolchain/avr8/avr8-gnu-toolchain/bin/../lib/gcc/avr/4.9.2/avrxmega2\libgcc.a(_umulhisi3.o)
                              src/tiny_calibration.o (__umulhisi3)
c:/program files (x86)/atmel/studio/7.0/toolchain/avr8/avr8-gnu-toolchain/bin/../lib/gcc/avr/4.9.2/../../../../avr/lib/avrxmega2\libc.a(memcpy.o)
                              src/ASF/xmega/drivers/nvm/nvm.o (memcpy)

Allocating common symbols
Common symbol       size              file

debug_counter       0x4               src/main.o
calChange           0x2               src/tiny_calibration.o
cali_value_positive_gradient
                    0x1               src/tiny_calibration.o
uds                 0x11              src/main.o
dacBuf_CH1          0x200             src/main.o
udd_g_ctrlreq       0x10              src/main.o
sleepmgr_locks      0x6               src/ASF/common/services/sleepmgr/xmega/sleepmgr.o
calTemp             0x2               src/tiny_calibration.o
dacBuf_CH2          0x200             src/main.o
isoBuf              0x5dc             src/main.o
cntCnt              0x200             src/main.o
cali_value_negative_gradient
                    0x1               src/tiny_calibration.o
currentTrfcnt       0x2               src/main.o
gradient            0x2               src/tiny_calibration.o

Discarded input sections

 .data          0x00000000        0x0 C:/Program Files (x86)/Atmel/Studio/7.0/Packs/atmel/XMEGAA_DFP/1.0.39/gcc/dev/atxmega32a4u/avrxmega2/crtatxmega32a4u.o
 .bss           0x00000000        0x0 C:/Program Files (x86)/Atmel/Studio/7.0/Packs/atmel/XMEGAA_DFP/1.0.39/gcc/dev/atxmega32a4u/avrxmega2/crtatxmega32a4u.o
 .group         0x00000000        0x8 src/tiny_calibration.o
 .group         0x00000000        0x8 src/tiny_calibration.o
 .group         0x00000000        0x8 src/tiny_calibration.o
 .group         0x00000000        0x8 src/tiny_calibration.o
 .group         0x00000000        0x8 src/tiny_calibration.o
 .group         0x00000000        0x8 src/tiny_calibration.o
 .group         0x00000000        0x8 src/tiny_calibration.o
 .group         0x00000000        0x8 src/tiny_calibration.o
 .group         0x00000000        0x8 src/tiny_calibration.o
 .group         0x00000000        0x8 src/tiny_calibration.o
 .group         0x00000000        0x8 src/tiny_calibration.o
 .group         0x00000000        0x8 src/tiny_calibration.o
 .group         0x00000000        0x8 src/tiny_calibration.o
 .group         0x00000000        0x8 src/tiny_calibration.o
 .group         0x00000000        0x8 src/tiny_calibration.o
 .group         0x00000000        0x8 src/tiny_calibration.o
 .group         0x00000000        0x8 src/tiny_calibration.o
 .group         0x00000000        0x8 src/tiny_calibration.o
 .group         0x00000000        0x8 src/tiny_calibration.o
 .group         0x00000000        0x8 src/tiny_calibration.o
 .group         0x00000000        0x8 src/tiny_calibration.o
 .group         0x00000000        0x8 src/tiny_calibration.o
 .group         0x00000000        0x8 src/tiny_calibration.o
 .group         0x00000000        0x8 src/tiny_calibration.o
 .group         0x00000000        0x8 src/tiny_calibration.o
 .group         0x00000000        0x8 src/tiny_calibration.o
 .group         0x00000000        0x8 src/tiny_calibration.o
 .group         0x00000000        0x8 src/tiny_calibration.o
 .group         0x00000000        0x8 src/tiny_calibration.o
 .group         0x00000000        0x8 src/tiny_calibration.o
 .group         0x00000000        0x8 src/tiny_calibration.o
[...]
Memory Configuration

Name             Origin             Length             Attributes
text             0x00000000         0x00100000         xr
data             0x00802000         0x0000ffa0         rw !x
eeprom           0x00810000         0x00010000         rw !x
fuse             0x00820000         0x00000400         rw !x
lock             0x00830000         0x00000400         rw !x
signature        0x00840000         0x00000400         rw !x
user_signatures  0x00850000         0x00000400         rw !x
*default*        0x00000000         0xffffffff

Linker script and memory map

LOAD C:/Program Files (x86)/Atmel/Studio/7.0/Packs/atmel/XMEGAA_DFP/1.0.39/gcc/dev/atxmega32a4u/avrxmega2/crtatxmega32a4u.o
LOAD src/tiny_calibration.o
LOAD src/tiny_dig.o
LOAD src/ASF/common/boards/user_board/init.o
LOAD src/ASF/common/services/ioport/xmega/ioport_compat.o
LOAD src/main.o
LOAD src/tiny_adc.o
LOAD src/tiny_dac.o
LOAD src/tiny_dma.o
LOAD src/tiny_timer.o
LOAD src/tiny_uart.o
LOAD src/ASF/common/services/usb/class/vendor/device/example/atxmega256a3bu_xmega_a3bu_xplained/ui.o
LOAD src/ASF/common/services/clock/xmega/sysclk.o
LOAD src/ASF/common/services/sleepmgr/xmega/sleepmgr.o
LOAD src/ASF/common/services/usb/class/vendor/device/udi_vendor.o
LOAD src/ASF/common/services/usb/class/vendor/device/udi_vendor_desc.o
LOAD src/ASF/common/services/usb/udc/udc.o
LOAD src/ASF/xmega/drivers/cpu/ccp.o
LOAD src/ASF/xmega/drivers/nvm/nvm.o
LOAD src/ASF/xmega/drivers/nvm/nvm_asm.o
LOAD src/ASF/xmega/drivers/usb/usb_device.o
START GROUP
LOAD c:/program files (x86)/atmel/studio/7.0/toolchain/avr8/avr8-gnu-toolchain/bin/../lib/gcc/avr/4.9.2/../../../../avr/lib/avrxmega2\libm.a
END GROUP
START GROUP
LOAD c:/program files (x86)/atmel/studio/7.0/toolchain/avr8/avr8-gnu-toolchain/bin/../lib/gcc/avr/4.9.2/avrxmega2\libgcc.a
LOAD c:/program files (x86)/atmel/studio/7.0/toolchain/avr8/avr8-gnu-toolchain/bin/../lib/gcc/avr/4.9.2/../../../../avr/lib/avrxmega2\libm.a
LOAD c:/program files (x86)/atmel/studio/7.0/toolchain/avr8/avr8-gnu-toolchain/bin/../lib/gcc/avr/4.9.2/../../../../avr/lib/avrxmega2\libc.a
LOAD C:/Program Files (x86)/Atmel/Studio/7.0/Packs/atmel/XMEGAA_DFP/1.0.39/gcc/dev/atxmega32a4u/avrxmega2\libatxmega32a4u.a
END GROUP
                0x00100000                __TEXT_REGION_LENGTH__ = DEFINED (__TEXT_REGION_LENGTH__)?__TEXT_REGION_LENGTH__:0x100000
                0x0000ffa0                __DATA_REGION_LENGTH__ = DEFINED (__DATA_REGION_LENGTH__)?__DATA_REGION_LENGTH__:0xffa0
                0x00010000                __EEPROM_REGION_LENGTH__ = DEFINED (__EEPROM_REGION_LENGTH__)?__EEPROM_REGION_LENGTH__:0x10000
                0x00000400                __FUSE_REGION_LENGTH__ = DEFINED (__FUSE_REGION_LENGTH__)?__FUSE_REGION_LENGTH__:0x400
                0x00000400                __LOCK_REGION_LENGTH__ = DEFINED (__LOCK_REGION_LENGTH__)?__LOCK_REGION_LENGTH__:0x400
                0x00000400                __SIGNATURE_REGION_LENGTH__ = DEFINED (__SIGNATURE_REGION_LENGTH__)?__SIGNATURE_REGION_LENGTH__:0x400
                0x00000400                __USER_SIGNATURE_REGION_LENGTH__ = DEFINED (__USER_SIGNATURE_REGION_LENGTH__)?__USER_SIGNATURE_REGION_LENGTH__:0x400

.hash
 *(.hash)

.dynsym
 *(.dynsym)

.dynstr
 *(.dynstr)

.gnu.version
 *(.gnu.version)

.gnu.version_d
 *(.gnu.version_d)

.gnu.version_r
 *(.gnu.version_r)

.rel.init
 *(.rel.init)

.rela.init
 *(.rela.init)

.rel.text
 *(.rel.text)
 *(.rel.text.*)
 *(.rel.gnu.linkonce.t*)

.rela.text
 *(.rela.text)
 *(.rela.text.*)
 *(.rela.gnu.linkonce.t*)

.rel.fini
 *(.rel.fini)

.rela.fini
 *(.rela.fini)

.rel.rodata
 *(.rel.rodata)
 *(.rel.rodata.*)
 *(.rel.gnu.linkonce.r*)

.rela.rodata
 *(.rela.rodata)
 *(.rela.rodata.*)
 *(.rela.gnu.linkonce.r*)

.rel.data
 *(.rel.data)
 *(.rel.data.*)
 *(.rel.gnu.linkonce.d*)

.rela.data
 *(.rela.data)
 *(.rela.data.*)
 *(.rela.gnu.linkonce.d*)

.rel.ctors
 *(.rel.ctors)

.rela.ctors
 *(.rela.ctors)

.rel.dtors
 *(.rel.dtors)

.rela.dtors
 *(.rela.dtors)

.rel.got
 *(.rel.got)

.rela.got
 *(.rela.got)

.rel.bss
 *(.rel.bss)

.rela.bss
 *(.rela.bss)

.rel.plt
 *(.rel.plt)

.rela.plt
 *(.rela.plt)

.text           0x00000000     0x2dea
 *(.vectors)
 .vectors       0x00000000      0x1fc C:/Program Files (x86)/Atmel/Studio/7.0/Packs/atmel/XMEGAA_DFP/1.0.39/gcc/dev/atxmega32a4u/avrxmega2/crtatxmega32a4u.o
                0x00000000                __vector_default
                0x00000000                __vectors
 *(.vectors)
 *(.progmem.gcc*)
 .progmem.gcc_sw_table.udc_process_setup
                0x000001fc       0x40 src/ASF/common/services/usb/udc/udc.o
 .progmem.gcc_sw_table.udd_ep_get_size
                0x0000023c        0xe src/ASF/xmega/drivers/usb/usb_device.o
                0x0000024a                . = ALIGN (0x2)
                0x0000024a                __trampolines_start = .
 *(.trampolines)
 .trampolines   0x0000024a        0x0 linker stubs
 *(.trampolines*)
                0x0000024a                __trampolines_end = .
 *libprintf_flt.a:*(.progmem.data)
 *libc.a:*(.progmem.data)
 *(.progmem*)
                0x0000024a                . = ALIGN (0x2)
 *(.jumptables)
 *(.jumptables*)
 *(.lowtext)
 *(.lowtext*)
                0x0000024a                __ctors_start = .
 *(.ctors)
                0x0000024a                __ctors_end = .
                0x0000024a                __dtors_start = .
 *(.dtors)
                0x0000024a                __dtors_end = .
 SORT(*)(.ctors)
 SORT(*)(.dtors)
 *(.init0)
 .init0         0x0000024a        0x0 C:/Program Files (x86)/Atmel/Studio/7.0/Packs/atmel/XMEGAA_DFP/1.0.39/gcc/dev/atxmega32a4u/avrxmega2/crtatxmega32a4u.o
                0x0000024a                __init
 *(.init0)
 *(.init1)
 *(.init1)
 *(.init2)
 .init2         0x0000024a        0xc C:/Program Files (x86)/Atmel/Studio/7.0/Packs/atmel/XMEGAA_DFP/1.0.39/gcc/dev/atxmega32a4u/avrxmega2/crtatxmega32a4u.o
 *(.init2)
 *(.init3)
 *(.init3)
 *(.init4)
 .init4         0x00000256       0x16 c:/program files (x86)/atmel/studio/7.0/toolchain/avr8/avr8-gnu-toolchain/bin/../lib/gcc/avr/4.9.2/avrxmega2\libgcc.a(_copy_data.o)
                0x00000256                __do_copy_data
 .init4         0x0000026c       0x10 c:/program files (x86)/atmel/studio/7.0/toolchain/avr8/avr8-gnu-toolchain/bin/../lib/gcc/avr/4.9.2/avrxmega2\libgcc.a(_clear_bss.o)
                0x0000026c                __do_clear_bss
 *(.init4)
 *(.init5)
 *(.init5)
 *(.init6)
 *(.init6)
 *(.init7)
 *(.init7)
 *(.init8)
 *(.init8)
 *(.init9)
 .init9         0x0000027c        0x6 C:/Program Files (x86)/Atmel/Studio/7.0/Packs/atmel/XMEGAA_DFP/1.0.39/gcc/dev/atxmega32a4u/avrxmega2/crtatxmega32a4u.o
 *(.init9)
 *(.text)
 .text          0x00000282        0x2 C:/Program Files (x86)/Atmel/Studio/7.0/Packs/atmel/XMEGAA_DFP/1.0.39/gcc/dev/atxmega32a4u/avrxmega2/crtatxmega32a4u.o
                0x00000282                __vector_38
                0x00000282                __vector_104
                0x00000282                __vector_22
                0x00000282                __vector_63
                0x00000282                __vector_28
                0x00000282                __vector_67
                0x00000282                __vector_1
                0x00000282                __vector_119
                0x00000282                __vector_32
                0x00000282                __vector_75
                0x00000282                __vector_91
                0x00000282                __vector_34
                0x00000282                __vector_62
                0x00000282                __vector_77
                0x00000282                __vector_102
                0x00000282                __vector_12
                0x00000282                __vector_55
                0x00000282                __vector_69
                0x00000282                __vector_81
                0x00000282                __vector_90
                0x00000282                __vector_46
                0x00000282                __bad_interrupt
                0x00000282                __vector_122
                0x00000282                __vector_72
                0x00000282                __vector_114
                0x00000282                __vector_110
                0x00000282                __vector_31
                0x00000282                __vector_92
                0x00000282                __vector_35
                0x00000282                __vector_78
                0x00000282                __vector_74
                0x00000282                __vector_117
                0x00000282                __vector_39
                0x00000282                __vector_107
                0x00000282                __vector_3
                0x00000282                __vector_105
                0x00000282                __vector_98
                0x00000282                __vector_23
                0x00000282                __vector_68
                0x00000282                __vector_30
                0x00000282                __vector_73
                0x00000282                __vector_45
                0x00000282                __vector_25
                0x00000282                __vector_93
                0x00000282                __vector_61
                0x00000282                __vector_11
                0x00000282                __vector_54
                0x00000282                __vector_99
                0x00000282                __vector_13
                0x00000282                __vector_17
                0x00000282                __vector_19
                0x00000282                __vector_56
                0x00000282                __vector_7
                0x00000282                __vector_49
                0x00000282                __vector_123
                0x00000282                __vector_41
                0x00000282                __vector_86
                0x00000282                __vector_100
                0x00000282                __vector_101
                0x00000282                __vector_64
                0x00000282                __vector_88
                0x00000282                __vector_109
                0x00000282                __vector_43
                0x00000282                __vector_27
                0x00000282                __vector_5
                0x00000282                __vector_113
                0x00000282                __vector_33
                0x00000282                __vector_76
                0x00000282                __vector_115
                0x00000282                __vector_47
                0x00000282                __vector_52
                0x00000282                __vector_37
                0x00000282                __vector_95
                0x00000282                __vector_103
                0x00000282                __vector_96
                0x00000282                __vector_89
                0x00000282                __vector_108
                0x00000282                __vector_4
                0x00000282                __vector_44
                0x00000282                __vector_82
                0x00000282                __vector_106
                0x00000282                __vector_118
                0x00000282                __vector_51
                0x00000282                __vector_9
                0x00000282                __vector_2
                0x00000282                __vector_21
                0x00000282                __vector_15
                0x00000282                __vector_66
                0x00000282                __vector_36
                0x00000282                __vector_79
                0x00000282                __vector_58
                0x00000282                __vector_70
                0x00000282                __vector_29
                0x00000282                __vector_60
                0x00000282                __vector_121
                0x00000282                __vector_40
                0x00000282                __vector_85
                0x00000282                __vector_94
                0x00000282                __vector_8
                0x00000282                __vector_26
                0x00000282                __vector_48
                0x00000282                __vector_124
                0x00000282                __vector_116
                0x00000282                __vector_112
                0x00000282                __vector_111
                0x00000282                __vector_80
                0x00000282                __vector_14
                0x00000282                __vector_84
                0x00000282                __vector_57
                0x00000282                __vector_53
                0x00000282                __vector_10
                0x00000282                __vector_50
                0x00000282                __vector_16
                0x00000282                __vector_59
                0x00000282                __vector_18
                0x00000282                __vector_97
                0x00000282                __vector_20
                0x00000282                __vector_42
                0x00000282                __vector_87
                0x00000282                __vector_65
                0x00000282                __vector_120
                0x00000284                . = ALIGN (0x2)
 *(.text.*)
 .text.tiny_calibration_init
                0x00000284       0x70 src/tiny_calibration.o
                0x00000284                tiny_calibration_init
 .text.tiny_calibration_first_sof
                0x000002f4       0x24 src/tiny_calibration.o
                0x000002f4                tiny_calibration_first_sof
 .text.tiny_calibration_maintain
                0x00000318       0xb0 src/tiny_calibration.o
                0x00000318                tiny_calibration_maintain
 .text.tiny_calibration_safe_add
                0x000003c8       0xd4 src/tiny_calibration.o
                0x000003c8                tiny_calibration_safe_add
 .text.tiny_calibration_find_values
                0x0000049c      0x124 src/tiny_calibration.o
                0x0000049c                tiny_calibration_find_values
 .text.magnitude_difference
                0x000005c0       0x2e src/tiny_calibration.o
                0x000005c0                magnitude_difference
 .text.tiny_calibration_layer2
                0x000005ee       0xf4 src/tiny_calibration.o
                0x000005ee                tiny_calibration_layer2
 .text.tiny_calibration_synchronise_phase
                0x000006e2       0x24 src/tiny_calibration.o
                0x000006e2                tiny_calibration_synchronise_phase
 .text.tiny_dig_setup
                0x00000706        0xe src/tiny_dig.o
                0x00000706                tiny_dig_setup
 .text.board_init
                0x00000714        0x2 src/ASF/common/boards/user_board/init.o
                0x00000714                board_init
 .text.iso_callback
                0x00000716       0x22 src/main.o
                0x00000716                iso_callback
 .text.iso_callback2
                0x00000738       0x22 src/main.o
                0x00000738                iso_callback2
 .text.iso_callback3
                0x0000075a       0x22 src/main.o
                0x0000075a                iso_callback3
 .text.main     0x0000077c       0x82 src/main.o
                0x0000077c                main
 .text.main_suspend_action
                0x000007fe        0x2 src/main.o
                0x000007fe                main_suspend_action
 .text.main_resume_action
                0x00000800        0x2 src/main.o
                0x00000800                main_resume_action
 .text.main_sof_action
                0x00000802      0x106 src/main.o
                0x00000802                main_sof_action
 .text.main_vendor_enable
                0x00000908       0x38 src/main.o
                0x00000908                main_vendor_enable
 .text.main_vendor_disable
                0x00000940        0x6 src/main.o
                0x00000940                main_vendor_disable
 .text.main_setup_out_received
                0x00000946        0x4 src/main.o
                0x00000946                main_setup_out_received
 .text.main_setup_in_received
                0x0000094a        0x4 src/main.o
                0x0000094a                main_setup_in_received
 .text.tiny_adc_ch0setup
                0x0000094e       0x2a src/tiny_adc.o
                0x0000094e                tiny_adc_ch0setup
 .text.tiny_adc_ch1setup
                0x00000978       0x16 src/tiny_adc.o
                0x00000978                tiny_adc_ch1setup
 .text.tiny_adc_pid_setup
                0x0000098e       0x14 src/tiny_adc.o
                0x0000098e                tiny_adc_pid_setup
 .text.ReadCalibrationByte
                0x000009a2       0x12 src/tiny_adc.o
                0x000009a2                ReadCalibrationByte
 .text.tiny_adc_setup
                0x000009b4       0x7a src/tiny_adc.o
                0x000009b4                tiny_adc_setup
 .text.__vector_71
                0x00000a2e       0x26 src/tiny_adc.o
                0x00000a2e                __vector_71
 .text.tiny_dac_setup
                0x00000a54       0x48 src/tiny_dac.o
                0x00000a54                tiny_dac_setup
 .text.tiny_dma_setup
                0x00000a9c       0x12 src/tiny_dma.o
                0x00000a9c                tiny_dma_setup
 .text.tiny_dma_flush
                0x00000aae       0x2a src/tiny_dma.o
                0x00000aae                tiny_dma_flush
 .text.tiny_dma_set_mode_0
                0x00000ad8       0xf4 src/tiny_dma.o
                0x00000ad8                tiny_dma_set_mode_0
 .text.tiny_dma_set_mode_1
                0x00000bcc       0xf0 src/tiny_dma.o
                0x00000bcc                tiny_dma_set_mode_1
 .text.tiny_dma_set_mode_2
                0x00000cbc       0xea src/tiny_dma.o
                0x00000cbc                tiny_dma_set_mode_2
 .text.tiny_dma_set_mode_3
                0x00000da6       0xf8 src/tiny_dma.o
                0x00000da6                tiny_dma_set_mode_3
 .text.tiny_dma_set_mode_4
                0x00000e9e       0xec src/tiny_dma.o
                0x00000e9e                tiny_dma_set_mode_4
 .text.tiny_dma_set_mode_5
                0x00000f8a       0x90 src/tiny_dma.o
                0x00000f8a                tiny_dma_set_mode_5
 .text.tiny_dma_set_mode_6
                0x0000101a       0xc4 src/tiny_dma.o
                0x0000101a                tiny_dma_set_mode_6
 .text.tiny_dma_set_mode_7
                0x000010de       0xc4 src/tiny_dma.o
                0x000010de                tiny_dma_set_mode_7
 .text.__vector_6
                0x000011a2       0x1e src/tiny_dma.o
                0x000011a2                __vector_6
 .text.tiny_timer_setup
                0x000011c0       0x84 src/tiny_timer.o
                0x000011c0                tiny_timer_setup
 .text.__vector_83
                0x00001244       0xf4 src/tiny_timer.o
                0x00001244                __vector_83
 .text.tiny_uart_setup
                0x00001338       0x30 src/tiny_uart.o
                0x00001338                tiny_uart_setup
 .text.tiny_spi_setup
                0x00001368       0x1c src/tiny_uart.o
                0x00001368                tiny_spi_setup
 .text.__vector_24
                0x00001384       0x16 src/tiny_uart.o
                0x00001384                __vector_24
 .text.sysclk_enable_module
                0x0000139a       0x18 src/ASF/common/services/clock/xmega/sysclk.o
                0x0000139a                sysclk_enable_module
 .text.sysclk_enable_usb
                0x000013b2       0x6e src/ASF/common/services/clock/xmega/sysclk.o
                0x000013b2                sysclk_enable_usb
 .text.udi_vendor_getsetting
                0x00001420        0x6 src/ASF/common/services/usb/class/vendor/device/udi_vendor.o
                0x00001420                udi_vendor_getsetting
 .text.udi_vendor_enable
                0x00001426       0x16 src/ASF/common/services/usb/class/vendor/device/udi_vendor.o
                0x00001426                udi_vendor_enable
 .text.udi_vendor_disable
                0x0000143c        0xc src/ASF/common/services/usb/class/vendor/device/udi_vendor.o
                0x0000143c                udi_vendor_disable
 .text.udi_vendor_setup
                0x00001448       0x4c src/ASF/common/services/usb/class/vendor/device/udi_vendor.o
                0x00001448                udi_vendor_setup
 .text.udi_vendor_iso_in_run
                0x00001494       0x18 src/ASF/common/services/usb/class/vendor/device/udi_vendor.o
                0x00001494                udi_vendor_iso_in_run
 .text.udi_vendor_iso_in_run2
                0x000014ac       0x18 src/ASF/common/services/usb/class/vendor/device/udi_vendor.o
                0x000014ac                udi_vendor_iso_in_run2
 .text.udi_vendor_iso_in_run3
                0x000014c4       0x18 src/ASF/common/services/usb/class/vendor/device/udi_vendor.o
                0x000014c4                udi_vendor_iso_in_run3
 .text.udc_next_desc_in_iface
                0x000014dc       0x64 src/ASF/common/services/usb/udc/udc.o
 .text.udc_valid_address
                0x00001540        0xc src/ASF/common/services/usb/udc/udc.o
 .text.udc_update_iface_desc
                0x0000154c       0x74 src/ASF/common/services/usb/udc/udc.o
 .text.udc_iface_disable
                0x000015c0       0x84 src/ASF/common/services/usb/udc/udc.o
 .text.udc_iface_enable
                0x00001644       0x64 src/ASF/common/services/usb/udc/udc.o
 .text.udc_get_interface_desc
                0x000016a8        0xa src/ASF/common/services/usb/udc/udc.o
                0x000016a8                udc_get_interface_desc
 .text.udc_start
                0x000016b2        0x4 src/ASF/common/services/usb/udc/udc.o
                0x000016b2                udc_start
 .text.udc_reset
                0x000016b6       0x4a src/ASF/common/services/usb/udc/udc.o
                0x000016b6                udc_reset
 .text.udc_sof_notify
                0x00001700       0x60 src/ASF/common/services/usb/udc/udc.o
                0x00001700                udc_sof_notify
 .text.udc_process_setup
                0x00001760      0x734 src/ASF/common/services/usb/udc/udc.o
                0x00001760                udc_process_setup
 .text.ccp_write_io
                0x00001e94        0xc src/ASF/xmega/drivers/cpu/ccp.o
                0x00001e94                ccp_write_io
 .text.nvm_read_byte
                0x00001ea0       0x14 src/ASF/xmega/drivers/nvm/nvm_asm.o
                0x00001ea0                nvm_read_byte
 .text.udd_sleep_mode
                0x00001eb4       0x52 src/ASF/xmega/drivers/usb/usb_device.o
 .text.udd_ctrl_init
                0x00001f06       0x4e src/ASF/xmega/drivers/usb/usb_device.o
 .text.udd_ctrl_stall_data
                0x00001f54       0x1c src/ASF/xmega/drivers/usb/usb_device.o
 .text.udd_ctrl_send_zlp_in
                0x00001f70       0x1c src/ASF/xmega/drivers/usb/usb_device.o
 .text.udd_ctrl_endofrequest
                0x00001f8c       0x10 src/ASF/xmega/drivers/usb/usb_device.o
 .text.udd_ctrl_in_sent
                0x00001f9c       0xd8 src/ASF/xmega/drivers/usb/usb_device.o
 .text.udd_ep_get_size
                0x00002074       0x4c src/ASF/xmega/drivers/usb/usb_device.o
 .text.udd_ep_get_job
                0x000020c0       0x36 src/ASF/xmega/drivers/usb/usb_device.o
 .text.udd_ctrl_interrupt_tc_setup
                0x000020f6       0xde src/ASF/xmega/drivers/usb/usb_device.o
 .text.udd_ep_trans_complet
                0x000021d4      0x2b4 src/ASF/xmega/drivers/usb/usb_device.o
 .text.udd_attach
                0x00002488       0x46 src/ASF/xmega/drivers/usb/usb_device.o
                0x00002488                udd_attach
 .text.udd_enable
                0x000024ce      0x10a src/ASF/xmega/drivers/usb/usb_device.o
                0x000024ce                udd_enable
 .text.udd_set_address
                0x000025d8        0x6 src/ASF/xmega/drivers/usb/usb_device.o
                0x000025d8                udd_set_address
 .text.udd_getaddress
                0x000025de        0x6 src/ASF/xmega/drivers/usb/usb_device.o
                0x000025de                udd_getaddress
 .text.udd_set_setup_payload
                0x000025e4        0xe src/ASF/xmega/drivers/usb/usb_device.o
                0x000025e4                udd_set_setup_payload
 .text.udd_ep_alloc
                0x000025f2       0xea src/ASF/xmega/drivers/usb/usb_device.o
                0x000025f2                udd_ep_alloc
 .text.udd_ep_is_halted
                0x000026dc       0x36 src/ASF/xmega/drivers/usb/usb_device.o
                0x000026dc                udd_ep_is_halted
 .text.udd_ep_clear_halt
                0x00002712       0x6a src/ASF/xmega/drivers/usb/usb_device.o
                0x00002712                udd_ep_clear_halt
 .text.udd_ep_run
                0x0000277c      0x174 src/ASF/xmega/drivers/usb/usb_device.o
                0x0000277c                udd_ep_run
 .text.udd_ep_abort
                0x000028f0       0x92 src/ASF/xmega/drivers/usb/usb_device.o
                0x000028f0                udd_ep_abort
 .text.udd_ep_free
                0x00002982       0x38 src/ASF/xmega/drivers/usb/usb_device.o
                0x00002982                udd_ep_free
 .text.udd_ep_set_halt
                0x000029ba       0x5a src/ASF/xmega/drivers/usb/usb_device.o
                0x000029ba                udd_ep_set_halt
 .text.__vector_125
                0x00002a14      0x174 src/ASF/xmega/drivers/usb/usb_device.o
                0x00002a14                __vector_125
 .text.__vector_126
                0x00002b88      0x1d4 src/ASF/xmega/drivers/usb/usb_device.o
                0x00002b88                __vector_126
 .text.libgcc.div
                0x00002d5c       0x28 c:/program files (x86)/atmel/studio/7.0/toolchain/avr8/avr8-gnu-toolchain/bin/../lib/gcc/avr/4.9.2/avrxmega2\libgcc.a(_udivmodhi4.o)
                0x00002d5c                __udivmodhi4
 .text.libgcc.div
                0x00002d84       0x26 c:/program files (x86)/atmel/studio/7.0/toolchain/avr8/avr8-gnu-toolchain/bin/../lib/gcc/avr/4.9.2/avrxmega2\libgcc.a(_divmodhi4.o)
                0x00002d84                _div
                0x00002d84                __divmodhi4
 .text.libgcc   0x00002daa        0xc c:/program files (x86)/atmel/studio/7.0/toolchain/avr8/avr8-gnu-toolchain/bin/../lib/gcc/avr/4.9.2/avrxmega2\libgcc.a(_tablejump2.o)
                0x00002daa                __tablejump2__
 .text.libgcc.mul
                0x00002db6       0x1e c:/program files (x86)/atmel/studio/7.0/toolchain/avr8/avr8-gnu-toolchain/bin/../lib/gcc/avr/4.9.2/avrxmega2\libgcc.a(_umulhisi3.o)
                0x00002db6                __umulhisi3
 .text.avr-libc
                0x00002dd4       0x12 c:/program files (x86)/atmel/studio/7.0/toolchain/avr8/avr8-gnu-toolchain/bin/../lib/gcc/avr/4.9.2/../../../../avr/lib/avrxmega2\libc.a(memcpy.o)
                0x00002dd4                memcpy
                0x00002de6                . = ALIGN (0x2)
 *(.fini9)
 .fini9         0x00002de6        0x0 c:/program files (x86)/atmel/studio/7.0/toolchain/avr8/avr8-gnu-toolchain/bin/../lib/gcc/avr/4.9.2/avrxmega2\libgcc.a(_exit.o)
                0x00002de6                _exit
                0x00002de6                exit
 *(.fini9)
 *(.fini8)
 *(.fini8)
 *(.fini7)
 *(.fini7)
 *(.fini6)
 *(.fini6)
 *(.fini5)
 *(.fini5)
 *(.fini4)
 *(.fini4)
 *(.fini3)
 *(.fini3)
 *(.fini2)
 *(.fini2)
 *(.fini1)
 *(.fini1)
 *(.fini0)
 .fini0         0x00002de6        0x4 c:/program files (x86)/atmel/studio/7.0/toolchain/avr8/avr8-gnu-toolchain/bin/../lib/gcc/avr/4.9.2/avrxmega2\libgcc.a(_exit.o)
 *(.fini0)
                0x00002dea                _etext = .

.data           0x00802000       0xc8 load address 0x00002dea
                0x00802000                PROVIDE (__data_start, .)
 *(.data)
 *(.data*)
 .data.layer2_counter
                0x00802000        0x2 src/tiny_calibration.o
                0x00802000                layer2_counter
 .data.inarow   0x00802002        0x1 src/tiny_calibration.o
                0x00802002                inarow
 .data.last_val
                0x00802003        0x2 src/tiny_calibration.o
                0x00802003                last_val
 .data.warmup   0x00802005        0x1 src/tiny_calibration.o
                0x00802005                warmup
 .data.median_TRFCNT_delay
                0x00802006        0x1 src/tiny_calibration.o
                0x00802006                median_TRFCNT_delay
 .data.median_TRFCNT
                0x00802007        0x2 src/main.o
                0x00802007                median_TRFCNT
 .data.global_mode
                0x00802009        0x1 src/main.o
                0x00802009                global_mode
 .data.dummy    0x0080200a        0x1 src/main.o
                0x0080200a                dummy
 .data.auxDacBufLen
                0x0080200b        0x2 src/main.o
                0x0080200b                auxDacBufLen
 .data.dacBuf_len
                0x0080200d        0x2 src/main.o
                0x0080200d                dacBuf_len
 .data.udi_api_vendor
                0x0080200f        0xa src/ASF/common/services/usb/class/vendor/device/udi_vendor.o
                0x0080200f                udi_api_vendor
 .data.udc_config
                0x00802019        0x6 src/ASF/common/services/usb/class/vendor/device/udi_vendor_desc.o
                0x00802019                udc_config
 .data.udc_config_lsfs
                0x0080201f        0x4 src/ASF/common/services/usb/class/vendor/device/udi_vendor_desc.o
                0x0080201f                udc_config_lsfs
 .data.udi_apis
                0x00802023        0x2 src/ASF/common/services/usb/class/vendor/device/udi_vendor_desc.o
                0x00802023                udi_apis
 *fill*         0x00802025        0x3 
 .data.udc_desc_fs
                0x00802028       0x28 src/ASF/common/services/usb/class/vendor/device/udi_vendor_desc.o
                0x00802028                udc_desc_fs
 .data.udc_device_desc
                0x00802050       0x14 src/ASF/common/services/usb/class/vendor/device/udi_vendor_desc.o
                0x00802050                udc_device_desc
 .data.udc_string_desc
                0x00802064       0x32 src/ASF/common/services/usb/udc/udc.o
 .data.udc_string_product_name
                0x00802096       0x19 src/ASF/common/services/usb/udc/udc.o
 .data.udc_string_manufacturer_name
                0x008020af        0xa src/ASF/common/services/usb/udc/udc.o
 *fill*         0x008020b9        0x1 
 .data.udc_string_desc_languageid
                0x008020ba        0x4 src/ASF/common/services/usb/udc/udc.o
 *(.rodata)
 *(.rodata*)
 .rodata.str1.1
                0x008020be        0x9 src/main.o
 *(.gnu.linkonce.d*)
                0x008020c8                . = ALIGN (0x2)
 *fill*         0x008020c7        0x1 
                0x008020c8                _edata = .
                0x008020c8                PROVIDE (__data_end, .)

.bss            0x008020c8      0xdc4
                0x008020c8                PROVIDE (__bss_start, .)
 *(.bss)
 *(.bss*)
 .bss.calibration_values_found
                0x008020c8        0x1 src/tiny_calibration.o
                0x008020c8                calibration_values_found
 .bss.outOfRange
                0x008020c9        0x4 src/tiny_calibration.o
                0x008020c9                outOfRange
 .bss.debug_divider
                0x008020cd        0x1 src/main.o
                0x008020cd                debug_divider
 .bss.cntCntCnt
                0x008020ce        0x2 src/main.o
                0x008020ce                cntCntCnt
 .bss.debugOnNextEnd
                0x008020d0        0x1 src/main.o
                0x008020d0                debugOnNextEnd
 .bss.tcinit    0x008020d1        0x1 src/main.o
                0x008020d1                tcinit
 .bss.firstFrame
                0x008020d2        0x1 src/main.o
                0x008020d2                firstFrame
 .bss.PSU_target
                0x008020d3        0x1 src/main.o
                0x008020d3                PSU_target
 .bss.usb_state
                0x008020d4        0x1 src/main.o
                0x008020d4                usb_state
 .bss.b2_state  0x008020d5        0x1 src/main.o
                0x008020d5                b2_state
 .bss.b1_state  0x008020d6        0x1 src/main.o
                0x008020d6                b1_state
 .bss.main_b_vendor_enable
                0x008020d7        0x1 src/main.o
                0x008020d7                main_b_vendor_enable
 .bss.udi_vendor_alternate_setting
                0x008020d8        0x1 src/ASF/common/services/usb/class/vendor/device/udi_vendor.o
 .bss.udc_ep_status.5555
                0x008020d9        0x2 src/ASF/common/services/usb/udc/udc.o
 .bss.udc_ptr_iface
                0x008020db        0x2 src/ASF/common/services/usb/udc/udc.o
 .bss.udc_ptr_conf
                0x008020dd        0x2 src/ASF/common/services/usb/udc/udc.o
 *fill*         0x008020df        0x1 
 .bss.udc_num_configuration
                0x008020e0        0x2 src/ASF/common/services/usb/udc/udc.o
 .bss.udc_iface_setting
                0x008020e2        0x2 src/ASF/common/services/usb/udc/udc.o
 .bss.udc_device_status
                0x008020e4        0x2 src/ASF/common/services/usb/udc/udc.o
 .bss.b_shortpacket.5272
                0x008020e6        0x1 src/ASF/xmega/drivers/usb/usb_device.o
 .bss.udd_ep_out_cache_buffer
                0x008020e7       0xc0 src/ASF/xmega/drivers/usb/usb_device.o
 .bss.udd_ep_job
                0x008021a7       0x36 src/ASF/xmega/drivers/usb/usb_device.o
 .bss.udd_ctrl_buffer
                0x008021dd       0x40 src/ASF/xmega/drivers/usb/usb_device.o
 .bss.udd_ctrl_payload_nb_trans
                0x0080221d        0x2 src/ASF/xmega/drivers/usb/usb_device.o
 .bss.udd_ctrl_prev_payload_nb_trans
                0x0080221f        0x2 src/ASF/xmega/drivers/usb/usb_device.o
 .bss.udd_ep_control_state
                0x00802221        0x1 src/ASF/xmega/drivers/usb/usb_device.o
 *fill*         0x00802222        0x2 
 .bss.udd_sram  0x00802224       0x54 src/ASF/xmega/drivers/usb/usb_device.o
 .bss.udd_b_idle
                0x00802278        0x1 src/ASF/xmega/drivers/usb/usb_device.o
 *(COMMON)
 COMMON         0x00802279        0x8 src/tiny_calibration.o
                0x00802279                calChange
                0x0080227b                cali_value_positive_gradient
                0x0080227c                calTemp
                0x0080227e                cali_value_negative_gradient
                0x0080227f                gradient
 *fill*         0x00802281        0x1 
 COMMON         0x00802282      0xc04 src/main.o
                0x00802282                debug_counter
                0x00802286                uds
                0x00802298                dacBuf_CH1
                0x00802498                udd_g_ctrlreq
                0x008024a8                dacBuf_CH2
                0x008026a8                isoBuf
                0x00802c84                cntCnt
                0x00802e84                currentTrfcnt
 COMMON         0x00802e86        0x6 src/ASF/common/services/sleepmgr/xmega/sleepmgr.o
                0x00802e86                sleepmgr_locks
                0x00802e8c                PROVIDE (__bss_end, .)
                0x00002dea                __data_load_start = LOADADDR (.data)
                0x00002eb2                __data_load_end = (__data_load_start + SIZEOF (.data))

.noinit         0x00802e8c        0x0
                [!provide]                PROVIDE (__noinit_start, .)
 *(.noinit*)
                [!provide]                PROVIDE (__noinit_end, .)
                0x00802e8c                _end = .
                [!provide]                PROVIDE (__heap_start, .)

.eeprom         0x00810000        0x0
 *(.eeprom*)
                0x00810000                __eeprom_end = .

.fuse
 *(.fuse)
 *(.lfuse)
 *(.hfuse)
 *(.efuse)

.lock
 *(.lock*)

.signature
 *(.signature*)

.user_signatures
 *(.user_signatures*)

.stab
 *(.stab)

.stabstr
 *(.stabstr)

.stab.excl
 *(.stab.excl)

.stab.exclstr
 *(.stab.exclstr)

.stab.index
 *(.stab.index)

.stab.indexstr
 *(.stab.indexstr)

.comment        0x00000000       0x30
 *(.comment)
 .comment       0x00000000       0x30 src/tiny_calibration.o
                                 0x31 (size before relaxing)
 .comment       0x00000030       0x31 src/tiny_dig.o
 .comment       0x00000030       0x31 src/ASF/common/boards/user_board/init.o
 .comment       0x00000030       0x31 src/main.o
 .comment       0x00000030       0x31 src/tiny_adc.o
 .comment       0x00000030       0x31 src/tiny_dac.o
 .comment       0x00000030       0x31 src/tiny_dma.o
 .comment       0x00000030       0x31 src/tiny_timer.o
 .comment       0x00000030       0x31 src/tiny_uart.o
 .comment       0x00000030       0x31 src/ASF/common/services/clock/xmega/sysclk.o
 .comment       0x00000030       0x31 src/ASF/common/services/sleepmgr/xmega/sleepmgr.o
 .comment       0x00000030       0x31 src/ASF/common/services/usb/class/vendor/device/udi_vendor.o
 .comment       0x00000030       0x31 src/ASF/common/services/usb/class/vendor/device/udi_vendor_desc.o
 .comment       0x00000030       0x31 src/ASF/common/services/usb/udc/udc.o
 .comment       0x00000030       0x31 src/ASF/xmega/drivers/usb/usb_device.o

.note.gnu.avr.deviceinfo
                0x00000000       0x40
 .note.gnu.avr.deviceinfo
                0x00000000       0x40 C:/Program Files (x86)/Atmel/Studio/7.0/Packs/atmel/XMEGAA_DFP/1.0.39/gcc/dev/atxmega32a4u/avrxmega2/crtatxmega32a4u.o

.note.gnu.build-id
 *(.note.gnu.build-id)

.debug
 *(.debug)

.line
 *(.line)

.debug_srcinfo
 *(.debug_srcinfo)

.debug_sfnames
 *(.debug_sfnames)

.debug_aranges  0x00000000      0x518
 *(.debug_aranges)
 .debug_aranges
                0x00000000       0x60 src/tiny_calibration.o
 .debug_aranges
                0x00000060       0x20 src/tiny_dig.o
 .debug_aranges
                0x00000080       0x20 src/ASF/common/boards/user_board/init.o
 .debug_aranges
                0x000000a0       0x70 src/main.o
 .debug_aranges
                0x00000110       0x48 src/tiny_adc.o
 .debug_aranges
                0x00000158       0x20 src/tiny_dac.o
 .debug_aranges
                0x00000178       0xa8 src/tiny_dma.o
 .debug_aranges
                0x00000220       0x28 src/tiny_timer.o
 .debug_aranges
                0x00000248       0x30 src/tiny_uart.o
 .debug_aranges
                0x00000278       0x40 src/ASF/common/services/clock/xmega/sysclk.o
 .debug_aranges
                0x000002b8       0x18 src/ASF/common/services/sleepmgr/xmega/sleepmgr.o
 .debug_aranges
                0x000002d0       0x58 src/ASF/common/services/usb/class/vendor/device/udi_vendor.o
 .debug_aranges
                0x00000328       0x18 src/ASF/common/services/usb/class/vendor/device/udi_vendor_desc.o
 .debug_aranges
                0x00000340       0x70 src/ASF/common/services/usb/udc/udc.o
 .debug_aranges
                0x000003b0       0x20 src/ASF/xmega/drivers/cpu/ccp.o
 .debug_aranges
                0x000003d0       0x28 src/ASF/xmega/drivers/nvm/nvm_asm.o
 .debug_aranges
                0x000003f8      0x120 src/ASF/xmega/drivers/usb/usb_device.o

.debug_pubnames
 *(.debug_pubnames)

.debug_info     0x00000000     0xbb4d
 *(.debug_info .gnu.linkonce.wi.*)
 .debug_info    0x00000000     0x103c src/tiny_calibration.o
 .debug_info    0x0000103c      0x297 src/tiny_dig.o
 .debug_info    0x000012d3       0xff src/ASF/common/boards/user_board/init.o
 .debug_info    0x000013d2      0xded src/main.o
 .debug_info    0x000021bf      0x9cc src/tiny_adc.o
 .debug_info    0x00002b8b      0x5f0 src/tiny_dac.o
 .debug_info    0x0000317b     0x1195 src/tiny_dma.o
 .debug_info    0x00004310     0x17b4 src/tiny_timer.o
 .debug_info    0x00005ac4      0x4b2 src/tiny_uart.o
 .debug_info    0x00005f76      0xc3d src/ASF/common/services/clock/xmega/sysclk.o
 .debug_info    0x00006bb3      0x121 src/ASF/common/services/sleepmgr/xmega/sleepmgr.o
 .debug_info    0x00006cd4      0x638 src/ASF/common/services/usb/class/vendor/device/udi_vendor.o
 .debug_info    0x0000730c      0x5fc src/ASF/common/services/usb/class/vendor/device/udi_vendor_desc.o
 .debug_info    0x00007908     0x22e4 src/ASF/common/services/usb/udc/udc.o
 .debug_info    0x00009bec       0x91 src/ASF/xmega/drivers/cpu/ccp.o
 .debug_info    0x00009c7d       0x91 src/ASF/xmega/drivers/nvm/nvm_asm.o
 .debug_info    0x00009d0e     0x1e3f src/ASF/xmega/drivers/usb/usb_device.o

.debug_abbrev   0x00000000     0x1e9b
 *(.debug_abbrev)
 .debug_abbrev  0x00000000      0x255 src/tiny_calibration.o
 .debug_abbrev  0x00000255       0xcc src/tiny_dig.o
 .debug_abbrev  0x00000321       0x8b src/ASF/common/boards/user_board/init.o
 .debug_abbrev  0x000003ac      0x2b3 src/main.o
 .debug_abbrev  0x0000065f      0x1f0 src/tiny_adc.o
 .debug_abbrev  0x0000084f      0x161 src/tiny_dac.o
 .debug_abbrev  0x000009b0      0x200 src/tiny_dma.o
 .debug_abbrev  0x00000bb0      0x175 src/tiny_timer.o
 .debug_abbrev  0x00000d25      0x102 src/tiny_uart.o
 .debug_abbrev  0x00000e27      0x2cd src/ASF/common/services/clock/xmega/sysclk.o
 .debug_abbrev  0x000010f4       0x80 src/ASF/common/services/sleepmgr/xmega/sleepmgr.o
 .debug_abbrev  0x00001174      0x1e3 src/ASF/common/services/usb/class/vendor/device/udi_vendor.o
 .debug_abbrev  0x00001357       0xef src/ASF/common/services/usb/class/vendor/device/udi_vendor_desc.o
 .debug_abbrev  0x00001446      0x45b src/ASF/common/services/usb/udc/udc.o
 .debug_abbrev  0x000018a1       0x14 src/ASF/xmega/drivers/cpu/ccp.o
 .debug_abbrev  0x000018b5       0x12 src/ASF/xmega/drivers/nvm/nvm_asm.o
 .debug_abbrev  0x000018c7      0x5d4 src/ASF/xmega/drivers/usb/usb_device.o

.debug_line     0x00000000     0x97f7
 *(.debug_line .debug_line.* .debug_line_end)
 .debug_line    0x00000000      0xb86 src/tiny_calibration.o
 .debug_line    0x00000b86      0x7d5 src/tiny_dig.o
 .debug_line    0x0000135b      0x78d src/ASF/common/boards/user_board/init.o
 .debug_line    0x00001ae8      0xab9 src/main.o
 .debug_line    0x000025a1      0x9a8 src/tiny_adc.o
 .debug_line    0x00002f49      0x806 src/tiny_dac.o
 .debug_line    0x0000374f     0x1349 src/tiny_dma.o
 .debug_line    0x00004a98      0x8de src/tiny_timer.o
 .debug_line    0x00005376      0x856 src/tiny_uart.o
 .debug_line    0x00005bcc      0x738 src/ASF/common/services/clock/xmega/sysclk.o
 .debug_line    0x00006304      0x455 src/ASF/common/services/sleepmgr/xmega/sleepmgr.o
 .debug_line    0x00006759      0x625 src/ASF/common/services/usb/class/vendor/device/udi_vendor.o
 .debug_line    0x00006d7e      0x4f1 src/ASF/common/services/usb/class/vendor/device/udi_vendor_desc.o
 .debug_line    0x0000726f      0xf05 src/ASF/common/services/usb/udc/udc.o
 .debug_line    0x00008174       0x6e src/ASF/xmega/drivers/cpu/ccp.o
 .debug_line    0x000081e2      0x11f src/ASF/xmega/drivers/nvm/nvm_asm.o
 .debug_line    0x00008301     0x14f6 src/ASF/xmega/drivers/usb/usb_device.o

.debug_frame    0x00000000      0xb04
 *(.debug_frame)
 .debug_frame   0x00000000       0xcc src/tiny_calibration.o
 .debug_frame   0x000000cc       0x24 src/tiny_dig.o
 .debug_frame   0x000000f0       0x24 src/ASF/common/boards/user_board/init.o
 .debug_frame   0x00000114       0xc4 src/main.o
 .debug_frame   0x000001d8       0x90 src/tiny_adc.o
 .debug_frame   0x00000268       0x30 src/tiny_dac.o
 .debug_frame   0x00000298      0x174 src/tiny_dma.o
 .debug_frame   0x0000040c       0x78 src/tiny_timer.o
 .debug_frame   0x00000484       0x50 src/tiny_uart.o
 .debug_frame   0x000004d4       0x80 src/ASF/common/services/clock/xmega/sysclk.o
 .debug_frame   0x00000554       0xc4 src/ASF/common/services/usb/class/vendor/device/udi_vendor.o
 .debug_frame   0x00000618      0x114 src/ASF/common/services/usb/udc/udc.o
 .debug_frame   0x0000072c      0x3d8 src/ASF/xmega/drivers/usb/usb_device.o

.debug_str      0x00000000    0x2fd4d
 *(.debug_str)
 .debug_str     0x00000000    0x2835b src/tiny_calibration.o
                              0x28b93 (size before relaxing)
 .debug_str     0x0002835b       0xd7 src/tiny_dig.o
                              0x27cdc (size before relaxing)
 .debug_str     0x00028432       0x36 src/ASF/common/boards/user_board/init.o
                              0x27adb (size before relaxing)
 .debug_str     0x00028468      0x60a src/main.o
                              0x289e8 (size before relaxing)
 .debug_str     0x00028a72      0xaf0 src/tiny_adc.o
                              0x28eba (size before relaxing)
 .debug_str     0x00029562      0x130 src/tiny_dac.o
                              0x282d8 (size before relaxing)
 .debug_str     0x00029692     0x104e src/tiny_dma.o
                              0x29655 (size before relaxing)
 .debug_str     0x0002a6e0      0xe8a src/tiny_timer.o
                              0x295a5 (size before relaxing)
 .debug_str     0x0002b56a      0x19d src/tiny_uart.o
                              0x283de (size before relaxing)
 .debug_str     0x0002b707      0x302 src/ASF/common/services/clock/xmega/sysclk.o
                              0x2598f (size before relaxing)
 .debug_str     0x0002ba09       0x96 src/ASF/common/services/sleepmgr/xmega/sleepmgr.o
                              0x24246 (size before relaxing)
 .debug_str     0x0002ba9f      0x19f src/ASF/common/services/usb/class/vendor/device/udi_vendor.o
                              0x26737 (size before relaxing)
 .debug_str     0x0002bc3e      0x3f6 src/ASF/common/services/usb/class/vendor/device/udi_vendor_desc.o
                              0x2673a (size before relaxing)
 .debug_str     0x0002c034      0x7bd src/ASF/common/services/usb/udc/udc.o
                              0x29333 (size before relaxing)
 .debug_str     0x0002c7f1     0x355c src/ASF/xmega/drivers/usb/usb_device.o
                              0x2b819 (size before relaxing)

.debug_loc      0x00000000     0x2544
 *(.debug_loc)
 .debug_loc     0x00000000      0x2dd src/tiny_calibration.o
 .debug_loc     0x000002dd      0x138 src/main.o
 .debug_loc     0x00000415      0x1b2 src/tiny_adc.o
 .debug_loc     0x000005c7       0x2f src/tiny_dac.o
 .debug_loc     0x000005f6      0x100 src/tiny_dma.o
 .debug_loc     0x000006f6      0x11c src/tiny_timer.o
 .debug_loc     0x00000812       0x2f src/tiny_uart.o
 .debug_loc     0x00000841      0x320 src/ASF/common/services/clock/xmega/sysclk.o
 .debug_loc     0x00000b61      0x344 src/ASF/common/services/usb/class/vendor/device/udi_vendor.o
 .debug_loc     0x00000ea5      0x4d3 src/ASF/common/services/usb/udc/udc.o
 .debug_loc     0x00001378     0x11cc src/ASF/xmega/drivers/usb/usb_device.o

.debug_macinfo
 *(.debug_macinfo)

.debug_weaknames
 *(.debug_weaknames)

.debug_funcnames
 *(.debug_funcnames)

.debug_typenames
 *(.debug_typenames)

.debug_varnames
 *(.debug_varnames)

.debug_pubtypes
 *(.debug_pubtypes)

.debug_ranges   0x00000000      0x438
 *(.debug_ranges)
 .debug_ranges  0x00000000       0x50 src/tiny_calibration.o
 .debug_ranges  0x00000050       0x10 src/tiny_dig.o
 .debug_ranges  0x00000060       0x10 src/ASF/common/boards/user_board/init.o
 .debug_ranges  0x00000070       0x60 src/main.o
 .debug_ranges  0x000000d0       0x38 src/tiny_adc.o
 .debug_ranges  0x00000108       0x10 src/tiny_dac.o
 .debug_ranges  0x00000118       0x98 src/tiny_dma.o
 .debug_ranges  0x000001b0       0x18 src/tiny_timer.o
 .debug_ranges  0x000001c8       0x20 src/tiny_uart.o
 .debug_ranges  0x000001e8       0x30 src/ASF/common/services/clock/xmega/sysclk.o
 .debug_ranges  0x00000218       0x48 src/ASF/common/services/usb/class/vendor/device/udi_vendor.o
 .debug_ranges  0x00000260       0x78 src/ASF/common/services/usb/udc/udc.o
 .debug_ranges  0x000002d8       0x20 src/ASF/xmega/drivers/nvm/nvm_asm.o
 .debug_ranges  0x000002f8      0x140 src/ASF/xmega/drivers/usb/usb_device.o

.debug_macro    0x00000000     0xbe4a
 *(.debug_macro)
 .debug_macro   0x00000000      0x360 src/tiny_calibration.o
 .debug_macro   0x00000360      0xa5a src/tiny_calibration.o
 .debug_macro   0x00000dba       0x10 src/tiny_calibration.o
 .debug_macro   0x00000dca      0x1c9 src/tiny_calibration.o
 .debug_macro   0x00000f93      0x2fc src/tiny_calibration.o
 .debug_macro   0x0000128f       0x9e src/tiny_calibration.o
 .debug_macro   0x0000132d     0x5623 src/tiny_calibration.o
 .debug_macro   0x00006950       0x9a src/tiny_calibration.o
 .debug_macro   0x000069ea       0xf1 src/tiny_calibration.o
 .debug_macro   0x00006adb       0x34 src/tiny_calibration.o
 .debug_macro   0x00006b0f       0x10 src/tiny_calibration.o
 .debug_macro   0x00006b1f       0x18 src/tiny_calibration.o
 .debug_macro   0x00006b37       0x5e src/tiny_calibration.o
 .debug_macro   0x00006b95       0x10 src/tiny_calibration.o
 .debug_macro   0x00006ba5       0x22 src/tiny_calibration.o
 .debug_macro   0x00006bc7      0x166 src/tiny_calibration.o
 .debug_macro   0x00006d2d       0x1c src/tiny_calibration.o
 .debug_macro   0x00006d49       0x35 src/tiny_calibration.o
 .debug_macro   0x00006d7e       0x66 src/tiny_calibration.o
 .debug_macro   0x00006de4      0x4d1 src/tiny_calibration.o
 .debug_macro   0x000072b5       0x97 src/tiny_calibration.o
 .debug_macro   0x0000734c       0x17 src/tiny_calibration.o
 .debug_macro   0x00007363      0x250 src/tiny_calibration.o
 .debug_macro   0x000075b3       0x76 src/tiny_calibration.o
 .debug_macro   0x00007629       0x16 src/tiny_calibration.o
 .debug_macro   0x0000763f      0x6e3 src/tiny_calibration.o
 .debug_macro   0x00007d22       0x10 src/tiny_calibration.o
 .debug_macro   0x00007d32      0x175 src/tiny_calibration.o
 .debug_macro   0x00007ea7       0x40 src/tiny_calibration.o
 .debug_macro   0x00007ee7       0x69 src/tiny_calibration.o
 .debug_macro   0x00007f50       0x32 src/tiny_calibration.o
 .debug_macro   0x00007f82       0xe4 src/tiny_calibration.o
 .debug_macro   0x00008066       0x34 src/tiny_calibration.o
 .debug_macro   0x0000809a      0x256 src/tiny_calibration.o
 .debug_macro   0x000082f0       0x7c src/tiny_calibration.o
 .debug_macro   0x0000836c       0x26 src/tiny_calibration.o
 .debug_macro   0x00008392       0x42 src/tiny_calibration.o
 .debug_macro   0x000083d4       0x10 src/tiny_calibration.o
 .debug_macro   0x000083e4       0x2e src/tiny_calibration.o
 .debug_macro   0x00008412       0x68 src/tiny_calibration.o
 .debug_macro   0x0000847a       0x2f src/tiny_calibration.o
 .debug_macro   0x000084a9      0x154 src/tiny_calibration.o
 .debug_macro   0x000085fd       0x9a src/tiny_calibration.o
 .debug_macro   0x00008697       0x4c src/tiny_calibration.o
 .debug_macro   0x000086e3      0x244 src/tiny_calibration.o
 .debug_macro   0x00008927      0x17e src/tiny_calibration.o
 .debug_macro   0x00008aa5       0x1c src/tiny_calibration.o
 .debug_macro   0x00008ac1       0x16 src/tiny_calibration.o
 .debug_macro   0x00008ad7       0x1c src/tiny_calibration.o
 .debug_macro   0x00008af3       0x7b src/tiny_calibration.o
 .debug_macro   0x00008b6e       0x58 src/tiny_calibration.o
 .debug_macro   0x00008bc6       0x10 src/tiny_calibration.o
 .debug_macro   0x00008bd6       0xf2 src/tiny_calibration.o
 .debug_macro   0x00008cc8       0x58 src/tiny_calibration.o
 .debug_macro   0x00008d20      0x31b src/tiny_dig.o
 .debug_macro   0x0000903b      0x2fe src/ASF/common/boards/user_board/init.o
 .debug_macro   0x00009339      0x3a0 src/main.o
 .debug_macro   0x000096d9       0x97 src/main.o
 .debug_macro   0x00009770       0xaa src/main.o
 .debug_macro   0x0000981a       0xef src/main.o
 .debug_macro   0x00009909       0x16 src/main.o
 .debug_macro   0x0000991f      0x358 src/tiny_adc.o
 .debug_macro   0x00009c77      0x33c src/tiny_dac.o
 .debug_macro   0x00009fb3      0x37d src/tiny_dma.o
 .debug_macro   0x0000a330      0x160 src/tiny_dma.o
 .debug_macro   0x0000a490      0x34d src/tiny_timer.o
 .debug_macro   0x0000a7dd      0x341 src/tiny_uart.o
 .debug_macro   0x0000ab1e      0x1e6 src/ASF/common/services/clock/xmega/sysclk.o
 .debug_macro   0x0000ad04      0x1a3 src/ASF/common/services/sleepmgr/xmega/sleepmgr.o
 .debug_macro   0x0000aea7      0x22c src/ASF/common/services/usb/class/vendor/device/udi_vendor.o
 .debug_macro   0x0000b0d3       0x94 src/ASF/common/services/usb/class/vendor/device/udi_vendor.o
 .debug_macro   0x0000b167      0x20c src/ASF/common/services/usb/class/vendor/device/udi_vendor_desc.o
 .debug_macro   0x0000b373      0x376 src/ASF/common/services/usb/udc/udc.o
 .debug_macro   0x0000b6e9      0x2f7 src/ASF/xmega/drivers/usb/usb_device.o
 .debug_macro   0x0000b9e0      0x46a src/ASF/xmega/drivers/usb/usb_device.o
OUTPUT(USB_BULK_TEST.elf elf32-avr)
LOAD linker stubs
