Archive member included to satisfy reference by file (symbol)

c:/program files (x86)/atmel/studio/7.0/toolchain/avr8/avr8-gnu-toolchain/bin/../lib/gcc/avr/4.9.2/avrxmega2\libgcc.a(_udivmodhi4.o)
                              src/ASF/xmega/drivers/usb/usb_device.o (__udivmodhi4)
c:/program files (x86)/atmel/studio/7.0/toolchain/avr8/avr8-gnu-toolchain/bin/../lib/gcc/avr/4.9.2/avrxmega2\libgcc.a(_exit.o)
                              C:/Program Files (x86)/Atmel/Studio/7.0/Packs/atmel/XMEGAA_DFP/1.0.39/gcc/dev/atxmega32a4u/avrxmega2/crtatxmega32a4u.o (exit)
c:/program files (x86)/atmel/studio/7.0/toolchain/avr8/avr8-gnu-toolchain/bin/../lib/gcc/avr/4.9.2/avrxmega2\libgcc.a(_tablejump2.o)
                              src/ASF/common/services/usb/udc/udc.o (__tablejump2__)
c:/program files (x86)/atmel/studio/7.0/toolchain/avr8/avr8-gnu-toolchain/bin/../lib/gcc/avr/4.9.2/avrxmega2\libgcc.a(_copy_data.o)
                              src/tiny_calibration.o (__do_copy_data)
c:/program files (x86)/atmel/studio/7.0/toolchain/avr8/avr8-gnu-toolchain/bin/../lib/gcc/avr/4.9.2/avrxmega2\libgcc.a(_clear_bss.o)
                              src/tiny_calibration.o (__do_clear_bss)
c:/program files (x86)/atmel/studio/7.0/toolchain/avr8/avr8-gnu-toolchain/bin/../lib/gcc/avr/4.9.2/../../../../avr/lib/avrxmega2\libc.a(memcpy.o)
                              src/ASF/xmega/drivers/nvm/nvm.o (memcpy)

Allocating common symbols
Common symbol       size              file

debug_counter       0x4               src/main.o
dacBuf_CH1          0x200             src/main.o
udd_g_ctrlreq       0x10              src/main.o
sleepmgr_locks      0x6               src/ASF/common/services/sleepmgr/xmega/sleepmgr.o
calTemp             0x2               src/tiny_calibration.o
dacBuf_CH2          0x200             src/main.o
isoBuf              0x5dc             src/main.o
cntCnt              0x200             src/main.o
currentTrfcnt       0x2               src/main.o
gradient            0x2               src/tiny_calibration.o

Discarded input sections

 .data          0x00000000        0x0 C:/Program Files (x86)/Atmel/Studio/7.0/Packs/atmel/XMEGAA_DFP/1.0.39/gcc/dev/atxmega32a4u/avrxmega2/crtatxmega32a4u.o
 .bss           0x00000000        0x0 C:/Program Files (x86)/Atmel/Studio/7.0/Packs/atmel/XMEGAA_DFP/1.0.39/gcc/dev/atxmega32a4u/avrxmega2/crtatxmega32a4u.o
 .group         0x00000000        0x8 src/tiny_calibration.o
 .group         0x00000000        0x8 src/tiny_calibration.o
 .group         0x00000000        0x8 src/tiny_calibration.o
 .group         0x00000000        0x8 src/tiny_calibration.o
 .group         0x00000000        0x8 src/tiny_calibration.o
 .group         0x00000000        0x8 src/tiny_calibration.o
 .group         0x00000000        0x8 src/tiny_calibration.o
 .group         0x00000000        0x8 src/tiny_calibration.o
 .group         0x00000000        0x8 src/tiny_calibration.o
 .group         0x00000000        0x8 src/tiny_calibration.o
 .group         0x00000000        0x8 src/tiny_calibration.o
 .group         0x00000000        0x8 src/tiny_calibration.o
 .group         0x00000000        0x8 src/tiny_calibration.o
 .group         0x00000000        0x8 src/tiny_calibration.o
 .group         0x00000000        0x8 src/tiny_calibration.o
 .group         0x00000000        0x8 src/tiny_calibration.o
 .group         0x00000000        0x8 src/tiny_calibration.o
 .group         0x00000000        0x8 src/tiny_calibration.o
 .group         0x00000000        0x8 src/tiny_calibration.o
 .group         0x00000000        0x8 src/tiny_calibration.o
 .group         0x00000000        0x8 src/tiny_calibration.o
 .group         0x00000000        0x8 src/tiny_calibration.o
 .group         0x00000000        0x8 src/tiny_calibration.o
 .group         0x00000000        0x8 src/tiny_calibration.o
 .group         0x00000000        0x8 src/tiny_calibration.o
 .group         0x00000000        0x8 src/tiny_calibration.o
 .group         0x00000000        0x8 src/tiny_calibration.o
 .group         0x00000000        0x8 src/tiny_calibration.o
 .group         0x00000000        0x8 src/tiny_calibration.o
 .group         0x00000000        0x8 src/tiny_calibration.o
 .group         0x00000000        0x8 src/tiny_calibration.o
 .group         0x00000000        0x8 src/tiny_calibration.o
 .group         0x00000000        0x8 src/tiny_calibration.o
 .group         0x00000000        0x8 src/tiny_calibration.o
 .group         0x00000000        0x8 src/tiny_calibration.o
 .group         0x00000000        0x8 src/tiny_calibration.o
 .group         0x00000000        0x8 src/tiny_calibration.o
 .group         0x00000000        0x8 src/tiny_calibration.o
 .group         0x00000000        0x8 src/tiny_calibration.o
 .group         0x00000000        0x8 src/tiny_calibration.o
 .group         0x00000000        0x8 src/tiny_calibration.o
 .group         0x00000000        0x8 src/tiny_calibration.o
 .group         0x00000000        0x8 src/tiny_calibration.o
[...]
Memory Configuration

Name             Origin             Length             Attributes
text             0x00000000         0x00100000         xr
data             0x00802000         0x0000ffa0         rw !x
eeprom           0x00810000         0x00010000         rw !x
fuse             0x00820000         0x00000400         rw !x
lock             0x00830000         0x00000400         rw !x
signature        0x00840000         0x00000400         rw !x
user_signatures  0x00850000         0x00000400         rw !x
*default*        0x00000000         0xffffffff

Linker script and memory map

LOAD C:/Program Files (x86)/Atmel/Studio/7.0/Packs/atmel/XMEGAA_DFP/1.0.39/gcc/dev/atxmega32a4u/avrxmega2/crtatxmega32a4u.o
LOAD src/tiny_calibration.o
LOAD src/tiny_dig.o
LOAD src/ASF/common/boards/user_board/init.o
LOAD src/ASF/common/services/ioport/xmega/ioport_compat.o
LOAD src/main.o
LOAD src/tiny_adc.o
LOAD src/tiny_dac.o
LOAD src/tiny_dma.o
LOAD src/tiny_timer.o
LOAD src/tiny_uart.o
LOAD src/ASF/common/services/usb/class/vendor/device/example/atxmega256a3bu_xmega_a3bu_xplained/ui.o
LOAD src/ASF/common/services/clock/xmega/sysclk.o
LOAD src/ASF/common/services/sleepmgr/xmega/sleepmgr.o
LOAD src/ASF/common/services/usb/class/vendor/device/udi_vendor.o
LOAD src/ASF/common/services/usb/class/vendor/device/udi_vendor_desc.o
LOAD src/ASF/common/services/usb/udc/udc.o
LOAD src/ASF/xmega/drivers/cpu/ccp.o
LOAD src/ASF/xmega/drivers/nvm/nvm.o
LOAD src/ASF/xmega/drivers/nvm/nvm_asm.o
LOAD src/ASF/xmega/drivers/usb/usb_device.o
START GROUP
LOAD c:/program files (x86)/atmel/studio/7.0/toolchain/avr8/avr8-gnu-toolchain/bin/../lib/gcc/avr/4.9.2/../../../../avr/lib/avrxmega2\libm.a
END GROUP
START GROUP
LOAD c:/program files (x86)/atmel/studio/7.0/toolchain/avr8/avr8-gnu-toolchain/bin/../lib/gcc/avr/4.9.2/avrxmega2\libgcc.a
LOAD c:/program files (x86)/atmel/studio/7.0/toolchain/avr8/avr8-gnu-toolchain/bin/../lib/gcc/avr/4.9.2/../../../../avr/lib/avrxmega2\libm.a
LOAD c:/program files (x86)/atmel/studio/7.0/toolchain/avr8/avr8-gnu-toolchain/bin/../lib/gcc/avr/4.9.2/../../../../avr/lib/avrxmega2\libc.a
LOAD C:/Program Files (x86)/Atmel/Studio/7.0/Packs/atmel/XMEGAA_DFP/1.0.39/gcc/dev/atxmega32a4u/avrxmega2\libatxmega32a4u.a
END GROUP
                0x00100000                __TEXT_REGION_LENGTH__ = DEFINED (__TEXT_REGION_LENGTH__)?__TEXT_REGION_LENGTH__:0x100000
                0x0000ffa0                __DATA_REGION_LENGTH__ = DEFINED (__DATA_REGION_LENGTH__)?__DATA_REGION_LENGTH__:0xffa0
                0x00010000                __EEPROM_REGION_LENGTH__ = DEFINED (__EEPROM_REGION_LENGTH__)?__EEPROM_REGION_LENGTH__:0x10000
                0x00000400                __FUSE_REGION_LENGTH__ = DEFINED (__FUSE_REGION_LENGTH__)?__FUSE_REGION_LENGTH__:0x400
                0x00000400                __LOCK_REGION_LENGTH__ = DEFINED (__LOCK_REGION_LENGTH__)?__LOCK_REGION_LENGTH__:0x400
                0x00000400                __SIGNATURE_REGION_LENGTH__ = DEFINED (__SIGNATURE_REGION_LENGTH__)?__SIGNATURE_REGION_LENGTH__:0x400
                0x00000400                __USER_SIGNATURE_REGION_LENGTH__ = DEFINED (__USER_SIGNATURE_REGION_LENGTH__)?__USER_SIGNATURE_REGION_LENGTH__:0x400

.hash
 *(.hash)

.dynsym
 *(.dynsym)

.dynstr
 *(.dynstr)

.gnu.version
 *(.gnu.version)

.gnu.version_d
 *(.gnu.version_d)

.gnu.version_r
 *(.gnu.version_r)

.rel.init
 *(.rel.init)

.rela.init
 *(.rela.init)

.rel.text
 *(.rel.text)
 *(.rel.text.*)
 *(.rel.gnu.linkonce.t*)

.rela.text
 *(.rela.text)
 *(.rela.text.*)
 *(.rela.gnu.linkonce.t*)

.rel.fini
 *(.rel.fini)

.rela.fini
 *(.rela.fini)

.rel.rodata
 *(.rel.rodata)
 *(.rel.rodata.*)
 *(.rel.gnu.linkonce.r*)

.rela.rodata
 *(.rela.rodata)
 *(.rela.rodata.*)
 *(.rela.gnu.linkonce.r*)

.rel.data
 *(.rel.data)
 *(.rel.data.*)
 *(.rel.gnu.linkonce.d*)

.rela.data
 *(.rela.data)
 *(.rela.data.*)
 *(.rela.gnu.linkonce.d*)

.rel.ctors
 *(.rel.ctors)

.rela.ctors
 *(.rela.ctors)

.rel.dtors
 *(.rel.dtors)

.rela.dtors
 *(.rela.dtors)

.rel.got
 *(.rel.got)

.rela.got
 *(.rela.got)

.rel.bss
 *(.rel.bss)

.rela.bss
 *(.rela.bss)

.rel.plt
 *(.rel.plt)

.rela.plt
 *(.rela.plt)

.text           0x00000000     0x2918
 *(.vectors)
 .vectors       0x00000000      0x1fc C:/Program Files (x86)/Atmel/Studio/7.0/Packs/atmel/XMEGAA_DFP/1.0.39/gcc/dev/atxmega32a4u/avrxmega2/crtatxmega32a4u.o
                0x00000000                __vector_default
                0x00000000                __vectors
 *(.vectors)
 *(.progmem.gcc*)
 .progmem.gcc_sw_table.udc_process_setup
                0x000001fc       0x40 src/ASF/common/services/usb/udc/udc.o
 .progmem.gcc_sw_table.udd_ep_get_size
                0x0000023c        0xe src/ASF/xmega/drivers/usb/usb_device.o
                0x0000024a                . = ALIGN (0x2)
                0x0000024a                __trampolines_start = .
 *(.trampolines)
 .trampolines   0x0000024a        0x0 linker stubs
 *(.trampolines*)
                0x0000024a                __trampolines_end = .
 *libprintf_flt.a:*(.progmem.data)
 *libc.a:*(.progmem.data)
 *(.progmem*)
                0x0000024a                . = ALIGN (0x2)
 *(.jumptables)
 *(.jumptables*)
 *(.lowtext)
 *(.lowtext*)
                0x0000024a                __ctors_start = .
 *(.ctors)
                0x0000024a                __ctors_end = .
                0x0000024a                __dtors_start = .
 *(.dtors)
                0x0000024a                __dtors_end = .
 SORT(*)(.ctors)
 SORT(*)(.dtors)
 *(.init0)
 .init0         0x0000024a        0x0 C:/Program Files (x86)/Atmel/Studio/7.0/Packs/atmel/XMEGAA_DFP/1.0.39/gcc/dev/atxmega32a4u/avrxmega2/crtatxmega32a4u.o
                0x0000024a                __init
 *(.init0)
 *(.init1)
 *(.init1)
 *(.init2)
 .init2         0x0000024a        0xc C:/Program Files (x86)/Atmel/Studio/7.0/Packs/atmel/XMEGAA_DFP/1.0.39/gcc/dev/atxmega32a4u/avrxmega2/crtatxmega32a4u.o
 *(.init2)
 *(.init3)
 *(.init3)
 *(.init4)
 .init4         0x00000256       0x16 c:/program files (x86)/atmel/studio/7.0/toolchain/avr8/avr8-gnu-toolchain/bin/../lib/gcc/avr/4.9.2/avrxmega2\libgcc.a(_copy_data.o)
                0x00000256                __do_copy_data
 .init4         0x0000026c       0x10 c:/program files (x86)/atmel/studio/7.0/toolchain/avr8/avr8-gnu-toolchain/bin/../lib/gcc/avr/4.9.2/avrxmega2\libgcc.a(_clear_bss.o)
                0x0000026c                __do_clear_bss
 *(.init4)
 *(.init5)
 *(.init5)
 *(.init6)
 *(.init6)
 *(.init7)
 *(.init7)
 *(.init8)
 *(.init8)
 *(.init9)
 .init9         0x0000027c        0x6 C:/Program Files (x86)/Atmel/Studio/7.0/Packs/atmel/XMEGAA_DFP/1.0.39/gcc/dev/atxmega32a4u/avrxmega2/crtatxmega32a4u.o
 *(.init9)
 *(.text)
 .text          0x00000282        0x2 C:/Program Files (x86)/Atmel/Studio/7.0/Packs/atmel/XMEGAA_DFP/1.0.39/gcc/dev/atxmega32a4u/avrxmega2/crtatxmega32a4u.o
                0x00000282                __vector_38
                0x00000282                __vector_104
                0x00000282                __vector_22
                0x00000282                __vector_63
                0x00000282                __vector_28
                0x00000282                __vector_67
                0x00000282                __vector_1
                0x00000282                __vector_119
                0x00000282                __vector_32
                0x00000282                __vector_75
                0x00000282                __vector_91
                0x00000282                __vector_34
                0x00000282                __vector_62
                0x00000282                __vector_77
                0x00000282                __vector_102
                0x00000282                __vector_12
                0x00000282                __vector_55
                0x00000282                __vector_69
                0x00000282                __vector_81
                0x00000282                __vector_90
                0x00000282                __vector_46
                0x00000282                __bad_interrupt
                0x00000282                __vector_122
                0x00000282                __vector_72
                0x00000282                __vector_114
                0x00000282                __vector_6
                0x00000282                __vector_110
                0x00000282                __vector_31
                0x00000282                __vector_92
                0x00000282                __vector_35
                0x00000282                __vector_78
                0x00000282                __vector_74
                0x00000282                __vector_117
                0x00000282                __vector_39
                0x00000282                __vector_107
                0x00000282                __vector_3
                0x00000282                __vector_105
                0x00000282                __vector_98
                0x00000282                __vector_23
                0x00000282                __vector_68
                0x00000282                __vector_30
                0x00000282                __vector_73
                0x00000282                __vector_45
                0x00000282                __vector_25
                0x00000282                __vector_93
                0x00000282                __vector_61
                0x00000282                __vector_11
                0x00000282                __vector_54
                0x00000282                __vector_99
                0x00000282                __vector_13
                0x00000282                __vector_17
                0x00000282                __vector_19
                0x00000282                __vector_56
                0x00000282                __vector_7
                0x00000282                __vector_49
                0x00000282                __vector_123
                0x00000282                __vector_41
                0x00000282                __vector_86
                0x00000282                __vector_100
                0x00000282                __vector_101
                0x00000282                __vector_64
                0x00000282                __vector_88
                0x00000282                __vector_109
                0x00000282                __vector_43
                0x00000282                __vector_27
                0x00000282                __vector_5
                0x00000282                __vector_113
                0x00000282                __vector_33
                0x00000282                __vector_76
                0x00000282                __vector_115
                0x00000282                __vector_47
                0x00000282                __vector_52
                0x00000282                __vector_37
                0x00000282                __vector_95
                0x00000282                __vector_103
                0x00000282                __vector_96
                0x00000282                __vector_89
                0x00000282                __vector_108
                0x00000282                __vector_4
                0x00000282                __vector_44
                0x00000282                __vector_82
                0x00000282                __vector_106
                0x00000282                __vector_118
                0x00000282                __vector_51
                0x00000282                __vector_9
                0x00000282                __vector_2
                0x00000282                __vector_21
                0x00000282                __vector_15
                0x00000282                __vector_66
                0x00000282                __vector_36
                0x00000282                __vector_79
                0x00000282                __vector_58
                0x00000282                __vector_70
                0x00000282                __vector_29
                0x00000282                __vector_60
                0x00000282                __vector_121
                0x00000282                __vector_40
                0x00000282                __vector_85
                0x00000282                __vector_94
                0x00000282                __vector_8
                0x00000282                __vector_26
                0x00000282                __vector_48
                0x00000282                __vector_124
                0x00000282                __vector_116
                0x00000282                __vector_112
                0x00000282                __vector_111
                0x00000282                __vector_80
                0x00000282                __vector_14
                0x00000282                __vector_84
                0x00000282                __vector_57
                0x00000282                __vector_53
                0x00000282                __vector_10
                0x00000282                __vector_50
                0x00000282                __vector_16
                0x00000282                __vector_59
                0x00000282                __vector_18
                0x00000282                __vector_97
                0x00000282                __vector_20
                0x00000282                __vector_42
                0x00000282                __vector_87
                0x00000282                __vector_65
                0x00000282                __vector_120
                0x00000284                . = ALIGN (0x2)
 *(.text.*)
 .text.tiny_calibration_init
                0x00000284       0x7a src/tiny_calibration.o
                0x00000284                tiny_calibration_init
 .text.tiny_calibration_first_sof
                0x000002fe       0x24 src/tiny_calibration.o
                0x000002fe                tiny_calibration_first_sof
 .text.tiny_calibration_every_sof
                0x00000322       0x78 src/tiny_calibration.o
                0x00000322                tiny_calibration_every_sof
 .text.tiny_dig_setup
                0x0000039a        0xe src/tiny_dig.o
                0x0000039a                tiny_dig_setup
 .text.board_init
                0x000003a8        0x2 src/ASF/common/boards/user_board/init.o
                0x000003a8                board_init
 .text.iso_callback
                0x000003aa       0x22 src/main.o
                0x000003aa                iso_callback
 .text.iso_callback2
                0x000003cc       0x22 src/main.o
                0x000003cc                iso_callback2
 .text.iso_callback3
                0x000003ee       0x22 src/main.o
                0x000003ee                iso_callback3
 .text.main     0x00000410       0x70 src/main.o
                0x00000410                main
 .text.main_suspend_action
                0x00000480        0x2 src/main.o
                0x00000480                main_suspend_action
 .text.main_resume_action
                0x00000482        0x2 src/main.o
                0x00000482                main_resume_action
 .text.main_sof_action
                0x00000484       0x92 src/main.o
                0x00000484                main_sof_action
 .text.main_vendor_enable
                0x00000516       0x38 src/main.o
                0x00000516                main_vendor_enable
 .text.main_vendor_disable
                0x0000054e        0x6 src/main.o
                0x0000054e                main_vendor_disable
 .text.main_setup_out_received
                0x00000554        0x4 src/main.o
                0x00000554                main_setup_out_received
 .text.main_setup_in_received
                0x00000558        0x4 src/main.o
                0x00000558                main_setup_in_received
 .text.tiny_adc_ch0setup
                0x0000055c       0x2a src/tiny_adc.o
                0x0000055c                tiny_adc_ch0setup
 .text.tiny_adc_ch1setup
                0x00000586       0x14 src/tiny_adc.o
                0x00000586                tiny_adc_ch1setup
 .text.tiny_adc_pid_setup
                0x0000059a       0x14 src/tiny_adc.o
                0x0000059a                tiny_adc_pid_setup
 .text.ReadCalibrationByte
                0x000005ae       0x12 src/tiny_adc.o
                0x000005ae                ReadCalibrationByte
 .text.tiny_adc_setup
                0x000005c0       0x7a src/tiny_adc.o
                0x000005c0                tiny_adc_setup
 .text.__vector_71
                0x0000063a       0x26 src/tiny_adc.o
                0x0000063a                __vector_71
 .text.tiny_dac_setup
                0x00000660       0x48 src/tiny_dac.o
                0x00000660                tiny_dac_setup
 .text.tiny_dma_setup
                0x000006a8       0x12 src/tiny_dma.o
                0x000006a8                tiny_dma_setup
 .text.tiny_dma_flush
                0x000006ba       0x2a src/tiny_dma.o
                0x000006ba                tiny_dma_flush
 .text.tiny_dma_set_mode_0
                0x000006e4       0xc0 src/tiny_dma.o
                0x000006e4                tiny_dma_set_mode_0
 .text.tiny_dma_set_mode_1
                0x000007a4       0xf0 src/tiny_dma.o
                0x000007a4                tiny_dma_set_mode_1
 .text.tiny_dma_set_mode_2
                0x00000894       0xea src/tiny_dma.o
                0x00000894                tiny_dma_set_mode_2
 .text.tiny_dma_set_mode_3
                0x0000097e       0xf8 src/tiny_dma.o
                0x0000097e                tiny_dma_set_mode_3
 .text.tiny_dma_set_mode_4
                0x00000a76       0xec src/tiny_dma.o
                0x00000a76                tiny_dma_set_mode_4
 .text.tiny_dma_set_mode_5
                0x00000b62       0x90 src/tiny_dma.o
                0x00000b62                tiny_dma_set_mode_5
 .text.tiny_dma_set_mode_6
                0x00000bf2       0xc4 src/tiny_dma.o
                0x00000bf2                tiny_dma_set_mode_6
 .text.tiny_dma_set_mode_7
                0x00000cb6       0xc4 src/tiny_dma.o
                0x00000cb6                tiny_dma_set_mode_7
 .text.tiny_timer_setup
                0x00000d7a       0x84 src/tiny_timer.o
                0x00000d7a                tiny_timer_setup
 .text.__vector_83
                0x00000dfe       0xf4 src/tiny_timer.o
                0x00000dfe                __vector_83
 .text.tiny_uart_setup
                0x00000ef2       0x30 src/tiny_uart.o
                0x00000ef2                tiny_uart_setup
 .text.tiny_spi_setup
                0x00000f22       0x1c src/tiny_uart.o
                0x00000f22                tiny_spi_setup
 .text.__vector_24
                0x00000f3e       0x16 src/tiny_uart.o
                0x00000f3e                __vector_24
 .text.sysclk_enable_module
                0x00000f54       0x18 src/ASF/common/services/clock/xmega/sysclk.o
                0x00000f54                sysclk_enable_module
 .text.sysclk_enable_usb
                0x00000f6c       0x6e src/ASF/common/services/clock/xmega/sysclk.o
                0x00000f6c                sysclk_enable_usb
 .text.udi_vendor_getsetting
                0x00000fda        0x6 src/ASF/common/services/usb/class/vendor/device/udi_vendor.o
                0x00000fda                udi_vendor_getsetting
 .text.udi_vendor_enable
                0x00000fe0       0x16 src/ASF/common/services/usb/class/vendor/device/udi_vendor.o
                0x00000fe0                udi_vendor_enable
 .text.udi_vendor_disable
                0x00000ff6        0xc src/ASF/common/services/usb/class/vendor/device/udi_vendor.o
                0x00000ff6                udi_vendor_disable
 .text.udi_vendor_setup
                0x00001002       0x4c src/ASF/common/services/usb/class/vendor/device/udi_vendor.o
                0x00001002                udi_vendor_setup
 .text.udi_vendor_iso_in_run
                0x0000104e       0x18 src/ASF/common/services/usb/class/vendor/device/udi_vendor.o
                0x0000104e                udi_vendor_iso_in_run
 .text.udi_vendor_iso_in_run2
                0x00001066       0x18 src/ASF/common/services/usb/class/vendor/device/udi_vendor.o
                0x00001066                udi_vendor_iso_in_run2
 .text.udi_vendor_iso_in_run3
                0x0000107e       0x18 src/ASF/common/services/usb/class/vendor/device/udi_vendor.o
                0x0000107e                udi_vendor_iso_in_run3
 .text.udc_next_desc_in_iface
                0x00001096       0x64 src/ASF/common/services/usb/udc/udc.o
 .text.udc_valid_address
                0x000010fa        0xc src/ASF/common/services/usb/udc/udc.o
 .text.udc_update_iface_desc
                0x00001106       0x74 src/ASF/common/services/usb/udc/udc.o
 .text.udc_iface_disable
                0x0000117a       0x84 src/ASF/common/services/usb/udc/udc.o
 .text.udc_iface_enable
                0x000011fe       0x64 src/ASF/common/services/usb/udc/udc.o
 .text.udc_get_interface_desc
                0x00001262        0xa src/ASF/common/services/usb/udc/udc.o
                0x00001262                udc_get_interface_desc
 .text.udc_start
                0x0000126c        0x4 src/ASF/common/services/usb/udc/udc.o
                0x0000126c                udc_start
 .text.udc_reset
                0x00001270       0x4a src/ASF/common/services/usb/udc/udc.o
                0x00001270                udc_reset
 .text.udc_sof_notify
                0x000012ba       0x60 src/ASF/common/services/usb/udc/udc.o
                0x000012ba                udc_sof_notify
 .text.udc_process_setup
                0x0000131a      0x6ec src/ASF/common/services/usb/udc/udc.o
                0x0000131a                udc_process_setup
 .text.ccp_write_io
                0x00001a06        0xc src/ASF/xmega/drivers/cpu/ccp.o
                0x00001a06                ccp_write_io
 .text.nvm_read_byte
                0x00001a12       0x14 src/ASF/xmega/drivers/nvm/nvm_asm.o
                0x00001a12                nvm_read_byte
 .text.udd_sleep_mode
                0x00001a26       0x52 src/ASF/xmega/drivers/usb/usb_device.o
 .text.udd_ctrl_init
                0x00001a78       0x4e src/ASF/xmega/drivers/usb/usb_device.o
 .text.udd_ctrl_stall_data
                0x00001ac6       0x1c src/ASF/xmega/drivers/usb/usb_device.o
 .text.udd_ctrl_send_zlp_in
                0x00001ae2       0x1c src/ASF/xmega/drivers/usb/usb_device.o
 .text.udd_ctrl_endofrequest
                0x00001afe       0x10 src/ASF/xmega/drivers/usb/usb_device.o
 .text.udd_ctrl_in_sent
                0x00001b0e       0xd8 src/ASF/xmega/drivers/usb/usb_device.o
 .text.udd_ep_get_size
                0x00001be6       0x4c src/ASF/xmega/drivers/usb/usb_device.o
 .text.udd_ep_get_job
                0x00001c32       0x36 src/ASF/xmega/drivers/usb/usb_device.o
 .text.udd_ctrl_interrupt_tc_setup
                0x00001c68       0xde src/ASF/xmega/drivers/usb/usb_device.o
 .text.udd_ep_trans_complet
                0x00001d46      0x2b4 src/ASF/xmega/drivers/usb/usb_device.o
 .text.udd_attach
                0x00001ffa       0x46 src/ASF/xmega/drivers/usb/usb_device.o
                0x00001ffa                udd_attach
 .text.udd_enable
                0x00002040      0x10a src/ASF/xmega/drivers/usb/usb_device.o
                0x00002040                udd_enable
 .text.udd_set_address
                0x0000214a        0x6 src/ASF/xmega/drivers/usb/usb_device.o
                0x0000214a                udd_set_address
 .text.udd_getaddress
                0x00002150        0x6 src/ASF/xmega/drivers/usb/usb_device.o
                0x00002150                udd_getaddress
 .text.udd_set_setup_payload
                0x00002156        0xe src/ASF/xmega/drivers/usb/usb_device.o
                0x00002156                udd_set_setup_payload
 .text.udd_ep_alloc
                0x00002164       0xea src/ASF/xmega/drivers/usb/usb_device.o
                0x00002164                udd_ep_alloc
 .text.udd_ep_is_halted
                0x0000224e       0x36 src/ASF/xmega/drivers/usb/usb_device.o
                0x0000224e                udd_ep_is_halted
 .text.udd_ep_clear_halt
                0x00002284       0x6a src/ASF/xmega/drivers/usb/usb_device.o
                0x00002284                udd_ep_clear_halt
 .text.udd_ep_run
                0x000022ee      0x174 src/ASF/xmega/drivers/usb/usb_device.o
                0x000022ee                udd_ep_run
 .text.udd_ep_abort
                0x00002462       0x92 src/ASF/xmega/drivers/usb/usb_device.o
                0x00002462                udd_ep_abort
 .text.udd_ep_free
                0x000024f4       0x38 src/ASF/xmega/drivers/usb/usb_device.o
                0x000024f4                udd_ep_free
 .text.udd_ep_set_halt
                0x0000252c       0x5a src/ASF/xmega/drivers/usb/usb_device.o
                0x0000252c                udd_ep_set_halt
 .text.__vector_125
                0x00002586      0x174 src/ASF/xmega/drivers/usb/usb_device.o
                0x00002586                __vector_125
 .text.__vector_126
                0x000026fa      0x1d4 src/ASF/xmega/drivers/usb/usb_device.o
                0x000026fa                __vector_126
 .text.libgcc.div
                0x000028ce       0x28 c:/program files (x86)/atmel/studio/7.0/toolchain/avr8/avr8-gnu-toolchain/bin/../lib/gcc/avr/4.9.2/avrxmega2\libgcc.a(_udivmodhi4.o)
                0x000028ce                __udivmodhi4
 .text.libgcc   0x000028f6        0xc c:/program files (x86)/atmel/studio/7.0/toolchain/avr8/avr8-gnu-toolchain/bin/../lib/gcc/avr/4.9.2/avrxmega2\libgcc.a(_tablejump2.o)
                0x000028f6                __tablejump2__
 .text.avr-libc
                0x00002902       0x12 c:/program files (x86)/atmel/studio/7.0/toolchain/avr8/avr8-gnu-toolchain/bin/../lib/gcc/avr/4.9.2/../../../../avr/lib/avrxmega2\libc.a(memcpy.o)
                0x00002902                memcpy
                0x00002914                . = ALIGN (0x2)
 *(.fini9)
 .fini9         0x00002914        0x0 c:/program files (x86)/atmel/studio/7.0/toolchain/avr8/avr8-gnu-toolchain/bin/../lib/gcc/avr/4.9.2/avrxmega2\libgcc.a(_exit.o)
                0x00002914                _exit
                0x00002914                exit
 *(.fini9)
 *(.fini8)
 *(.fini8)
 *(.fini7)
 *(.fini7)
 *(.fini6)
 *(.fini6)
 *(.fini5)
 *(.fini5)
 *(.fini4)
 *(.fini4)
 *(.fini3)
 *(.fini3)
 *(.fini2)
 *(.fini2)
 *(.fini1)
 *(.fini1)
 *(.fini0)
 .fini0         0x00002914        0x4 c:/program files (x86)/atmel/studio/7.0/toolchain/avr8/avr8-gnu-toolchain/bin/../lib/gcc/avr/4.9.2/avrxmega2\libgcc.a(_exit.o)
 *(.fini0)
                0x00002918                _etext = .

.data           0x00802000       0xb6 load address 0x00002918
                0x00802000                PROVIDE (__data_start, .)
 *(.data)
 *(.data*)
 .data.last_val
                0x00802000        0x2 src/tiny_calibration.o
                0x00802000                last_val
 .data.global_mode
                0x00802002        0x1 src/main.o
                0x00802002                global_mode
 .data.dummy    0x00802003        0x1 src/main.o
                0x00802003                dummy
 .data.auxDacBufLen
                0x00802004        0x2 src/main.o
                0x00802004                auxDacBufLen
 .data.dacBuf_len
                0x00802006        0x2 src/main.o
                0x00802006                dacBuf_len
 .data.udi_api_vendor
                0x00802008        0xa src/ASF/common/services/usb/class/vendor/device/udi_vendor.o
                0x00802008                udi_api_vendor
 .data.udc_config
                0x00802012        0x6 src/ASF/common/services/usb/class/vendor/device/udi_vendor_desc.o
                0x00802012                udc_config
 .data.udc_config_lsfs
                0x00802018        0x4 src/ASF/common/services/usb/class/vendor/device/udi_vendor_desc.o
                0x00802018                udc_config_lsfs
 .data.udi_apis
                0x0080201c        0x2 src/ASF/common/services/usb/class/vendor/device/udi_vendor_desc.o
                0x0080201c                udi_apis
 *fill*         0x0080201e        0x2 
 .data.udc_desc_fs
                0x00802020       0x28 src/ASF/common/services/usb/class/vendor/device/udi_vendor_desc.o
                0x00802020                udc_desc_fs
 .data.udc_device_desc
                0x00802048       0x14 src/ASF/common/services/usb/class/vendor/device/udi_vendor_desc.o
                0x00802048                udc_device_desc
 .data.udc_string_desc
                0x0080205c       0x32 src/ASF/common/services/usb/udc/udc.o
 .data.udc_string_product_name
                0x0080208e       0x19 src/ASF/common/services/usb/udc/udc.o
 .data.udc_string_manufacturer_name
                0x008020a7        0xa src/ASF/common/services/usb/udc/udc.o
 *fill*         0x008020b1        0x1 
 .data.udc_string_desc_languageid
                0x008020b2        0x4 src/ASF/common/services/usb/udc/udc.o
 *(.rodata)
 *(.rodata*)
 *(.gnu.linkonce.d*)
                0x008020b6                . = ALIGN (0x2)
                0x008020b6                _edata = .
                0x008020b6                PROVIDE (__data_end, .)

.bss            0x008020b6      0xdac
                0x008020b6                PROVIDE (__bss_start, .)
 *(.bss)
 *(.bss*)
 .bss.outOfRange
                0x008020b6        0x4 src/tiny_calibration.o
                0x008020b6                outOfRange
 .bss.cntCntCnt
                0x008020ba        0x2 src/main.o
                0x008020ba                cntCntCnt
 .bss.debugOnNextEnd
                0x008020bc        0x1 src/main.o
                0x008020bc                debugOnNextEnd
 .bss.tcinit    0x008020bd        0x1 src/main.o
                0x008020bd                tcinit
 .bss.firstFrame
                0x008020be        0x1 src/main.o
                0x008020be                firstFrame
 .bss.PSU_target
                0x008020bf        0x1 src/main.o
                0x008020bf                PSU_target
 .bss.usb_state
                0x008020c0        0x1 src/main.o
                0x008020c0                usb_state
 .bss.b2_state  0x008020c1        0x1 src/main.o
                0x008020c1                b2_state
 .bss.b1_state  0x008020c2        0x1 src/main.o
                0x008020c2                b1_state
 .bss.main_b_vendor_enable
                0x008020c3        0x1 src/main.o
                0x008020c3                main_b_vendor_enable
 .bss.udi_vendor_alternate_setting
                0x008020c4        0x1 src/ASF/common/services/usb/class/vendor/device/udi_vendor.o
 .bss.udc_ep_status.5523
                0x008020c5        0x2 src/ASF/common/services/usb/udc/udc.o
 .bss.udc_ptr_iface
                0x008020c7        0x2 src/ASF/common/services/usb/udc/udc.o
 .bss.udc_ptr_conf
                0x008020c9        0x2 src/ASF/common/services/usb/udc/udc.o
 *fill*         0x008020cb        0x1 
 .bss.udc_num_configuration
                0x008020cc        0x2 src/ASF/common/services/usb/udc/udc.o
 .bss.udc_iface_setting
                0x008020ce        0x2 src/ASF/common/services/usb/udc/udc.o
 .bss.udc_device_status
                0x008020d0        0x2 src/ASF/common/services/usb/udc/udc.o
 .bss.b_shortpacket.5272
                0x008020d2        0x1 src/ASF/xmega/drivers/usb/usb_device.o
 .bss.udd_ep_out_cache_buffer
                0x008020d3       0xc0 src/ASF/xmega/drivers/usb/usb_device.o
 .bss.udd_ep_job
                0x00802193       0x36 src/ASF/xmega/drivers/usb/usb_device.o
 .bss.udd_ctrl_buffer
                0x008021c9       0x40 src/ASF/xmega/drivers/usb/usb_device.o
 .bss.udd_ctrl_payload_nb_trans
                0x00802209        0x2 src/ASF/xmega/drivers/usb/usb_device.o
 .bss.udd_ctrl_prev_payload_nb_trans
                0x0080220b        0x2 src/ASF/xmega/drivers/usb/usb_device.o
 .bss.udd_ep_control_state
                0x0080220d        0x1 src/ASF/xmega/drivers/usb/usb_device.o
 *fill*         0x0080220e        0x2 
 .bss.udd_sram  0x00802210       0x54 src/ASF/xmega/drivers/usb/usb_device.o
 .bss.udd_b_idle
                0x00802264        0x1 src/ASF/xmega/drivers/usb/usb_device.o
 *(COMMON)
 COMMON         0x00802265        0x4 src/tiny_calibration.o
                0x00802265                calTemp
                0x00802267                gradient
 *fill*         0x00802269        0x1 
 COMMON         0x0080226a      0xbf2 src/main.o
                0x0080226a                debug_counter
                0x0080226e                dacBuf_CH1
                0x0080246e                udd_g_ctrlreq
                0x0080247e                dacBuf_CH2
                0x0080267e                isoBuf
                0x00802c5a                cntCnt
                0x00802e5a                currentTrfcnt
 COMMON         0x00802e5c        0x6 src/ASF/common/services/sleepmgr/xmega/sleepmgr.o
                0x00802e5c                sleepmgr_locks
                0x00802e62                PROVIDE (__bss_end, .)
                0x00002918                __data_load_start = LOADADDR (.data)
                0x000029ce                __data_load_end = (__data_load_start + SIZEOF (.data))

.noinit         0x00802e62        0x0
                [!provide]                PROVIDE (__noinit_start, .)
 *(.noinit*)
                [!provide]                PROVIDE (__noinit_end, .)
                0x00802e62                _end = .
                [!provide]                PROVIDE (__heap_start, .)

.eeprom         0x00810000        0x0
 *(.eeprom*)
                0x00810000                __eeprom_end = .

.fuse
 *(.fuse)
 *(.lfuse)
 *(.hfuse)
 *(.efuse)

.lock
 *(.lock*)

.signature
 *(.signature*)

.user_signatures
 *(.user_signatures*)

.stab
 *(.stab)

.stabstr
 *(.stabstr)

.stab.excl
 *(.stab.excl)

.stab.exclstr
 *(.stab.exclstr)

.stab.index
 *(.stab.index)

.stab.indexstr
 *(.stab.indexstr)

.comment        0x00000000       0x30
 *(.comment)
 .comment       0x00000000       0x30 src/tiny_calibration.o
                                 0x31 (size before relaxing)
 .comment       0x00000030       0x31 src/tiny_dig.o
 .comment       0x00000030       0x31 src/ASF/common/boards/user_board/init.o
 .comment       0x00000030       0x31 src/main.o
 .comment       0x00000030       0x31 src/tiny_adc.o
 .comment       0x00000030       0x31 src/tiny_dac.o
 .comment       0x00000030       0x31 src/tiny_dma.o
 .comment       0x00000030       0x31 src/tiny_timer.o
 .comment       0x00000030       0x31 src/tiny_uart.o
 .comment       0x00000030       0x31 src/ASF/common/services/clock/xmega/sysclk.o
 .comment       0x00000030       0x31 src/ASF/common/services/sleepmgr/xmega/sleepmgr.o
 .comment       0x00000030       0x31 src/ASF/common/services/usb/class/vendor/device/udi_vendor.o
 .comment       0x00000030       0x31 src/ASF/common/services/usb/class/vendor/device/udi_vendor_desc.o
 .comment       0x00000030       0x31 src/ASF/common/services/usb/udc/udc.o
 .comment       0x00000030       0x31 src/ASF/xmega/drivers/usb/usb_device.o

.note.gnu.avr.deviceinfo
                0x00000000       0x40
 .note.gnu.avr.deviceinfo
                0x00000000       0x40 C:/Program Files (x86)/Atmel/Studio/7.0/Packs/atmel/XMEGAA_DFP/1.0.39/gcc/dev/atxmega32a4u/avrxmega2/crtatxmega32a4u.o

.note.gnu.build-id
 *(.note.gnu.build-id)

.debug
 *(.debug)

.line
 *(.line)

.debug_srcinfo
 *(.debug_srcinfo)

.debug_sfnames
 *(.debug_sfnames)

.debug_aranges  0x00000000      0x4f0
 *(.debug_aranges)
 .debug_aranges
                0x00000000       0x40 src/tiny_calibration.o
 .debug_aranges
                0x00000040       0x20 src/tiny_dig.o
 .debug_aranges
                0x00000060       0x20 src/ASF/common/boards/user_board/init.o
 .debug_aranges
                0x00000080       0x70 src/main.o
 .debug_aranges
                0x000000f0       0x48 src/tiny_adc.o
 .debug_aranges
                0x00000138       0x20 src/tiny_dac.o
 .debug_aranges
                0x00000158       0xa0 src/tiny_dma.o
 .debug_aranges
                0x000001f8       0x28 src/tiny_timer.o
 .debug_aranges
                0x00000220       0x30 src/tiny_uart.o
 .debug_aranges
                0x00000250       0x40 src/ASF/common/services/clock/xmega/sysclk.o
 .debug_aranges
                0x00000290       0x18 src/ASF/common/services/sleepmgr/xmega/sleepmgr.o
 .debug_aranges
                0x000002a8       0x58 src/ASF/common/services/usb/class/vendor/device/udi_vendor.o
 .debug_aranges
                0x00000300       0x18 src/ASF/common/services/usb/class/vendor/device/udi_vendor_desc.o
 .debug_aranges
                0x00000318       0x70 src/ASF/common/services/usb/udc/udc.o
 .debug_aranges
                0x00000388       0x20 src/ASF/xmega/drivers/cpu/ccp.o
 .debug_aranges
                0x000003a8       0x28 src/ASF/xmega/drivers/nvm/nvm_asm.o
 .debug_aranges
                0x000003d0      0x120 src/ASF/xmega/drivers/usb/usb_device.o

.debug_pubnames
 *(.debug_pubnames)

.debug_info     0x00000000     0xb30b
 *(.debug_info .gnu.linkonce.wi.*)
 .debug_info    0x00000000      0xba2 src/tiny_calibration.o
 .debug_info    0x00000ba2      0x290 src/tiny_dig.o
 .debug_info    0x00000e32       0xff src/ASF/common/boards/user_board/init.o
 .debug_info    0x00000f31      0xc87 src/main.o
 .debug_info    0x00001bb8      0x9cc src/tiny_adc.o
 .debug_info    0x00002584      0x5f0 src/tiny_dac.o
 .debug_info    0x00002b74     0x10e3 src/tiny_dma.o
 .debug_info    0x00003c57     0x17b4 src/tiny_timer.o
 .debug_info    0x0000540b      0x4b2 src/tiny_uart.o
 .debug_info    0x000058bd      0xc3d src/ASF/common/services/clock/xmega/sysclk.o
 .debug_info    0x000064fa      0x121 src/ASF/common/services/sleepmgr/xmega/sleepmgr.o
 .debug_info    0x0000661b      0x638 src/ASF/common/services/usb/class/vendor/device/udi_vendor.o
 .debug_info    0x00006c53      0x5fc src/ASF/common/services/usb/class/vendor/device/udi_vendor_desc.o
 .debug_info    0x0000724f     0x215b src/ASF/common/services/usb/udc/udc.o
 .debug_info    0x000093aa       0x91 src/ASF/xmega/drivers/cpu/ccp.o
 .debug_info    0x0000943b       0x91 src/ASF/xmega/drivers/nvm/nvm_asm.o
 .debug_info    0x000094cc     0x1e3f src/ASF/xmega/drivers/usb/usb_device.o

.debug_abbrev   0x00000000     0x1db8
 *(.debug_abbrev)
 .debug_abbrev  0x00000000      0x201 src/tiny_calibration.o
 .debug_abbrev  0x00000201       0xcc src/tiny_dig.o
 .debug_abbrev  0x000002cd       0x8b src/ASF/common/boards/user_board/init.o
 .debug_abbrev  0x00000358      0x293 src/main.o
 .debug_abbrev  0x000005eb      0x1f0 src/tiny_adc.o
 .debug_abbrev  0x000007db      0x161 src/tiny_dac.o
 .debug_abbrev  0x0000093c      0x1c2 src/tiny_dma.o
 .debug_abbrev  0x00000afe      0x175 src/tiny_timer.o
 .debug_abbrev  0x00000c73      0x102 src/tiny_uart.o
 .debug_abbrev  0x00000d75      0x2cd src/ASF/common/services/clock/xmega/sysclk.o
 .debug_abbrev  0x00001042       0x80 src/ASF/common/services/sleepmgr/xmega/sleepmgr.o
 .debug_abbrev  0x000010c2      0x1e3 src/ASF/common/services/usb/class/vendor/device/udi_vendor.o
 .debug_abbrev  0x000012a5       0xef src/ASF/common/services/usb/class/vendor/device/udi_vendor_desc.o
 .debug_abbrev  0x00001394      0x42a src/ASF/common/services/usb/udc/udc.o
 .debug_abbrev  0x000017be       0x14 src/ASF/xmega/drivers/cpu/ccp.o
 .debug_abbrev  0x000017d2       0x12 src/ASF/xmega/drivers/nvm/nvm_asm.o
 .debug_abbrev  0x000017e4      0x5d4 src/ASF/xmega/drivers/usb/usb_device.o

.debug_line     0x00000000     0x93fa
 *(.debug_line .debug_line.* .debug_line_end)
 .debug_line    0x00000000      0x97b src/tiny_calibration.o
 .debug_line    0x0000097b      0x7b8 src/tiny_dig.o
 .debug_line    0x00001133      0x78d src/ASF/common/boards/user_board/init.o
 .debug_line    0x000018c0      0xa24 src/main.o
 .debug_line    0x000022e4      0x98b src/tiny_adc.o
 .debug_line    0x00002c6f      0x806 src/tiny_dac.o
 .debug_line    0x00003475     0x12bd src/tiny_dma.o
 .debug_line    0x00004732      0x8c1 src/tiny_timer.o
 .debug_line    0x00004ff3      0x839 src/tiny_uart.o
 .debug_line    0x0000582c      0x738 src/ASF/common/services/clock/xmega/sysclk.o
 .debug_line    0x00005f64      0x455 src/ASF/common/services/sleepmgr/xmega/sleepmgr.o
 .debug_line    0x000063b9      0x625 src/ASF/common/services/usb/class/vendor/device/udi_vendor.o
 .debug_line    0x000069de      0x4f1 src/ASF/common/services/usb/class/vendor/device/udi_vendor_desc.o
 .debug_line    0x00006ecf      0xea8 src/ASF/common/services/usb/udc/udc.o
 .debug_line    0x00007d77       0x6e src/ASF/xmega/drivers/cpu/ccp.o
 .debug_line    0x00007de5      0x11f src/ASF/xmega/drivers/nvm/nvm_asm.o
 .debug_line    0x00007f04     0x14f6 src/ASF/xmega/drivers/usb/usb_device.o

.debug_frame    0x00000000      0xa80
 *(.debug_frame)
 .debug_frame   0x00000000       0x74 src/tiny_calibration.o
 .debug_frame   0x00000074       0x24 src/tiny_dig.o
 .debug_frame   0x00000098       0x24 src/ASF/common/boards/user_board/init.o
 .debug_frame   0x000000bc       0xc4 src/main.o
 .debug_frame   0x00000180       0x90 src/tiny_adc.o
 .debug_frame   0x00000210       0x30 src/tiny_dac.o
 .debug_frame   0x00000240      0x148 src/tiny_dma.o
 .debug_frame   0x00000388       0x78 src/tiny_timer.o
 .debug_frame   0x00000400       0x50 src/tiny_uart.o
 .debug_frame   0x00000450       0x80 src/ASF/common/services/clock/xmega/sysclk.o
 .debug_frame   0x000004d0       0xc4 src/ASF/common/services/usb/class/vendor/device/udi_vendor.o
 .debug_frame   0x00000594      0x114 src/ASF/common/services/usb/udc/udc.o
 .debug_frame   0x000006a8      0x3d8 src/ASF/xmega/drivers/usb/usb_device.o

.debug_str      0x00000000    0x2fb59
 *(.debug_str)
 .debug_str     0x00000000    0x280e4 src/tiny_calibration.o
                              0x28906 (size before relaxing)
 .debug_str     0x000280e4       0xe5 src/tiny_dig.o
                              0x27cbb (size before relaxing)
 .debug_str     0x000281c9       0x36 src/ASF/common/boards/user_board/init.o
                              0x27adb (size before relaxing)
 .debug_str     0x000281ff      0x505 src/main.o
                              0x2872c (size before relaxing)
 .debug_str     0x00028704      0xc6e src/tiny_adc.o
                              0x28e9e (size before relaxing)
 .debug_str     0x00029372      0x130 src/tiny_dac.o
                              0x282d8 (size before relaxing)
 .debug_str     0x000294a2     0x1043 src/tiny_dma.o
                              0x29550 (size before relaxing)
 .debug_str     0x0002a4e5      0xe8a src/tiny_timer.o
                              0x29589 (size before relaxing)
 .debug_str     0x0002b36f      0x19d src/tiny_uart.o
                              0x283c2 (size before relaxing)
 .debug_str     0x0002b50c      0x302 src/ASF/common/services/clock/xmega/sysclk.o
                              0x2598f (size before relaxing)
 .debug_str     0x0002b80e       0x96 src/ASF/common/services/sleepmgr/xmega/sleepmgr.o
                              0x24246 (size before relaxing)
 .debug_str     0x0002b8a4      0x19f src/ASF/common/services/usb/class/vendor/device/udi_vendor.o
                              0x26737 (size before relaxing)
 .debug_str     0x0002ba43      0x3f6 src/ASF/common/services/usb/class/vendor/device/udi_vendor_desc.o
                              0x2673a (size before relaxing)
 .debug_str     0x0002be39      0x7c4 src/ASF/common/services/usb/udc/udc.o
                              0x2921f (size before relaxing)
 .debug_str     0x0002c5fd     0x355c src/ASF/xmega/drivers/usb/usb_device.o
                              0x2b819 (size before relaxing)

.debug_loc      0x00000000     0x231b
 *(.debug_loc)
 .debug_loc     0x00000000      0x11f src/tiny_calibration.o
 .debug_loc     0x0000011f      0x138 src/main.o
 .debug_loc     0x00000257      0x1b2 src/tiny_adc.o
 .debug_loc     0x00000409       0x2f src/tiny_dac.o
 .debug_loc     0x00000438       0x95 src/tiny_dma.o
 .debug_loc     0x000004cd      0x11c src/tiny_timer.o
 .debug_loc     0x000005e9       0x2f src/tiny_uart.o
 .debug_loc     0x00000618      0x320 src/ASF/common/services/clock/xmega/sysclk.o
 .debug_loc     0x00000938      0x344 src/ASF/common/services/usb/class/vendor/device/udi_vendor.o
 .debug_loc     0x00000c7c      0x4d3 src/ASF/common/services/usb/udc/udc.o
 .debug_loc     0x0000114f     0x11cc src/ASF/xmega/drivers/usb/usb_device.o

.debug_macinfo
 *(.debug_macinfo)

.debug_weaknames
 *(.debug_weaknames)

.debug_funcnames
 *(.debug_funcnames)

.debug_typenames
 *(.debug_typenames)

.debug_varnames
 *(.debug_varnames)

.debug_pubtypes
 *(.debug_pubtypes)

.debug_ranges   0x00000000      0x410
 *(.debug_ranges)
 .debug_ranges  0x00000000       0x30 src/tiny_calibration.o
 .debug_ranges  0x00000030       0x10 src/tiny_dig.o
 .debug_ranges  0x00000040       0x10 src/ASF/common/boards/user_board/init.o
 .debug_ranges  0x00000050       0x60 src/main.o
 .debug_ranges  0x000000b0       0x38 src/tiny_adc.o
 .debug_ranges  0x000000e8       0x10 src/tiny_dac.o
 .debug_ranges  0x000000f8       0x90 src/tiny_dma.o
 .debug_ranges  0x00000188       0x18 src/tiny_timer.o
 .debug_ranges  0x000001a0       0x20 src/tiny_uart.o
 .debug_ranges  0x000001c0       0x30 src/ASF/common/services/clock/xmega/sysclk.o
 .debug_ranges  0x000001f0       0x48 src/ASF/common/services/usb/class/vendor/device/udi_vendor.o
 .debug_ranges  0x00000238       0x78 src/ASF/common/services/usb/udc/udc.o
 .debug_ranges  0x000002b0       0x20 src/ASF/xmega/drivers/nvm/nvm_asm.o
 .debug_ranges  0x000002d0      0x140 src/ASF/xmega/drivers/usb/usb_device.o

.debug_macro    0x00000000     0xbdb3
 *(.debug_macro)
 .debug_macro   0x00000000      0x341 src/tiny_calibration.o
 .debug_macro   0x00000341      0xa5a src/tiny_calibration.o
 .debug_macro   0x00000d9b       0x10 src/tiny_calibration.o
 .debug_macro   0x00000dab      0x1c9 src/tiny_calibration.o
 .debug_macro   0x00000f74      0x2fc src/tiny_calibration.o
 .debug_macro   0x00001270       0x9e src/tiny_calibration.o
 .debug_macro   0x0000130e     0x5623 src/tiny_calibration.o
 .debug_macro   0x00006931       0x9a src/tiny_calibration.o
 .debug_macro   0x000069cb       0xf1 src/tiny_calibration.o
 .debug_macro   0x00006abc       0x34 src/tiny_calibration.o
 .debug_macro   0x00006af0       0x10 src/tiny_calibration.o
 .debug_macro   0x00006b00       0x18 src/tiny_calibration.o
 .debug_macro   0x00006b18       0x5e src/tiny_calibration.o
 .debug_macro   0x00006b76       0x10 src/tiny_calibration.o
 .debug_macro   0x00006b86       0x22 src/tiny_calibration.o
 .debug_macro   0x00006ba8      0x166 src/tiny_calibration.o
 .debug_macro   0x00006d0e       0x1c src/tiny_calibration.o
 .debug_macro   0x00006d2a       0x35 src/tiny_calibration.o
 .debug_macro   0x00006d5f       0x66 src/tiny_calibration.o
 .debug_macro   0x00006dc5      0x4d1 src/tiny_calibration.o
 .debug_macro   0x00007296       0x97 src/tiny_calibration.o
 .debug_macro   0x0000732d       0x17 src/tiny_calibration.o
 .debug_macro   0x00007344      0x250 src/tiny_calibration.o
 .debug_macro   0x00007594       0x76 src/tiny_calibration.o
 .debug_macro   0x0000760a       0x16 src/tiny_calibration.o
 .debug_macro   0x00007620      0x6e3 src/tiny_calibration.o
 .debug_macro   0x00007d03       0x10 src/tiny_calibration.o
 .debug_macro   0x00007d13      0x175 src/tiny_calibration.o
 .debug_macro   0x00007e88       0x40 src/tiny_calibration.o
 .debug_macro   0x00007ec8       0x69 src/tiny_calibration.o
 .debug_macro   0x00007f31       0x32 src/tiny_calibration.o
 .debug_macro   0x00007f63       0xe4 src/tiny_calibration.o
 .debug_macro   0x00008047       0x34 src/tiny_calibration.o
 .debug_macro   0x0000807b      0x256 src/tiny_calibration.o
 .debug_macro   0x000082d1       0x7c src/tiny_calibration.o
 .debug_macro   0x0000834d       0x26 src/tiny_calibration.o
 .debug_macro   0x00008373       0x42 src/tiny_calibration.o
 .debug_macro   0x000083b5       0x10 src/tiny_calibration.o
 .debug_macro   0x000083c5       0x2e src/tiny_calibration.o
 .debug_macro   0x000083f3       0x68 src/tiny_calibration.o
 .debug_macro   0x0000845b       0x2f src/tiny_calibration.o
 .debug_macro   0x0000848a      0x154 src/tiny_calibration.o
 .debug_macro   0x000085de       0x9a src/tiny_calibration.o
 .debug_macro   0x00008678       0x4c src/tiny_calibration.o
 .debug_macro   0x000086c4      0x244 src/tiny_calibration.o
 .debug_macro   0x00008908      0x17e src/tiny_calibration.o
 .debug_macro   0x00008a86       0x1c src/tiny_calibration.o
 .debug_macro   0x00008aa2       0x16 src/tiny_calibration.o
 .debug_macro   0x00008ab8       0x1c src/tiny_calibration.o
 .debug_macro   0x00008ad4       0x7b src/tiny_calibration.o
 .debug_macro   0x00008b4f       0x58 src/tiny_calibration.o
 .debug_macro   0x00008ba7       0x10 src/tiny_calibration.o
 .debug_macro   0x00008bb7       0xf2 src/tiny_calibration.o
 .debug_macro   0x00008ca9       0x58 src/tiny_calibration.o
 .debug_macro   0x00008d01      0x311 src/tiny_dig.o
 .debug_macro   0x00009012      0x2fe src/ASF/common/boards/user_board/init.o
 .debug_macro   0x00009310      0x378 src/main.o
 .debug_macro   0x00009688       0x97 src/main.o
 .debug_macro   0x0000971f       0xaa src/main.o
 .debug_macro   0x000097c9       0xef src/main.o
 .debug_macro   0x000098b8      0x34e src/tiny_adc.o
 .debug_macro   0x00009c06       0x16 src/tiny_adc.o
 .debug_macro   0x00009c1c      0x33c src/tiny_dac.o
 .debug_macro   0x00009f58      0x369 src/tiny_dma.o
 .debug_macro   0x0000a2c1      0x160 src/tiny_dma.o
 .debug_macro   0x0000a421      0x343 src/tiny_timer.o
 .debug_macro   0x0000a764      0x337 src/tiny_uart.o
 .debug_macro   0x0000aa9b      0x1e6 src/ASF/common/services/clock/xmega/sysclk.o
 .debug_macro   0x0000ac81      0x1a3 src/ASF/common/services/sleepmgr/xmega/sleepmgr.o
 .debug_macro   0x0000ae24      0x22c src/ASF/common/services/usb/class/vendor/device/udi_vendor.o
 .debug_macro   0x0000b050       0x94 src/ASF/common/services/usb/class/vendor/device/udi_vendor.o
 .debug_macro   0x0000b0e4      0x20c src/ASF/common/services/usb/class/vendor/device/udi_vendor_desc.o
 .debug_macro   0x0000b2f0      0x362 src/ASF/common/services/usb/udc/udc.o
 .debug_macro   0x0000b652      0x2f7 src/ASF/xmega/drivers/usb/usb_device.o
 .debug_macro   0x0000b949      0x46a src/ASF/xmega/drivers/usb/usb_device.o
OUTPUT(USB_BULK_TEST.elf elf32-avr)
LOAD linker stubs
